Archive member included because of file (symbol)

c:/program files/gnu tools arm embedded/4.7 2013q2/bin/../lib/gcc/arm-none-eabi/4.7.4/../../../../arm-none-eabi/lib/armv7-m\libg.a(lib_a-sprintf.o)
                              ..\obj\main.o (sprintf)
c:/program files/gnu tools arm embedded/4.7 2013q2/bin/../lib/gcc/arm-none-eabi/4.7.4/../../../../arm-none-eabi/lib/armv7-m\libg.a(lib_a-svfprintf.o)
                              c:/program files/gnu tools arm embedded/4.7 2013q2/bin/../lib/gcc/arm-none-eabi/4.7.4/../../../../arm-none-eabi/lib/armv7-m\libg.a(lib_a-sprintf.o) (_svfprintf_r)
c:/program files/gnu tools arm embedded/4.7 2013q2/bin/../lib/gcc/arm-none-eabi/4.7.4/../../../../arm-none-eabi/lib/armv7-m\libg.a(lib_a-dtoa.o)
                              c:/program files/gnu tools arm embedded/4.7 2013q2/bin/../lib/gcc/arm-none-eabi/4.7.4/../../../../arm-none-eabi/lib/armv7-m\libg.a(lib_a-svfprintf.o) (_dtoa_r)
c:/program files/gnu tools arm embedded/4.7 2013q2/bin/../lib/gcc/arm-none-eabi/4.7.4/../../../../arm-none-eabi/lib/armv7-m\libg.a(lib_a-impure.o)
                              c:/program files/gnu tools arm embedded/4.7 2013q2/bin/../lib/gcc/arm-none-eabi/4.7.4/../../../../arm-none-eabi/lib/armv7-m\libg.a(lib_a-sprintf.o) (_impure_ptr)
c:/program files/gnu tools arm embedded/4.7 2013q2/bin/../lib/gcc/arm-none-eabi/4.7.4/../../../../arm-none-eabi/lib/armv7-m\libg.a(lib_a-locale.o)
                              c:/program files/gnu tools arm embedded/4.7 2013q2/bin/../lib/gcc/arm-none-eabi/4.7.4/../../../../arm-none-eabi/lib/armv7-m\libg.a(lib_a-svfprintf.o) (_localeconv_r)
c:/program files/gnu tools arm embedded/4.7 2013q2/bin/../lib/gcc/arm-none-eabi/4.7.4/../../../../arm-none-eabi/lib/armv7-m\libg.a(lib_a-mallocr.o)
                              c:/program files/gnu tools arm embedded/4.7 2013q2/bin/../lib/gcc/arm-none-eabi/4.7.4/../../../../arm-none-eabi/lib/armv7-m\libg.a(lib_a-svfprintf.o) (_malloc_r)
c:/program files/gnu tools arm embedded/4.7 2013q2/bin/../lib/gcc/arm-none-eabi/4.7.4/../../../../arm-none-eabi/lib/armv7-m\libg.a(lib_a-memchr.o)
                              c:/program files/gnu tools arm embedded/4.7 2013q2/bin/../lib/gcc/arm-none-eabi/4.7.4/../../../../arm-none-eabi/lib/armv7-m\libg.a(lib_a-svfprintf.o) (memchr)
c:/program files/gnu tools arm embedded/4.7 2013q2/bin/../lib/gcc/arm-none-eabi/4.7.4/../../../../arm-none-eabi/lib/armv7-m\libg.a(lib_a-memcpy.o)
                              c:/program files/gnu tools arm embedded/4.7 2013q2/bin/../lib/gcc/arm-none-eabi/4.7.4/../../../../arm-none-eabi/lib/armv7-m\libg.a(lib_a-dtoa.o) (memcpy)
c:/program files/gnu tools arm embedded/4.7 2013q2/bin/../lib/gcc/arm-none-eabi/4.7.4/../../../../arm-none-eabi/lib/armv7-m\libg.a(lib_a-mlock.o)
                              c:/program files/gnu tools arm embedded/4.7 2013q2/bin/../lib/gcc/arm-none-eabi/4.7.4/../../../../arm-none-eabi/lib/armv7-m\libg.a(lib_a-mallocr.o) (__malloc_lock)
c:/program files/gnu tools arm embedded/4.7 2013q2/bin/../lib/gcc/arm-none-eabi/4.7.4/../../../../arm-none-eabi/lib/armv7-m\libg.a(lib_a-mprec.o)
                              c:/program files/gnu tools arm embedded/4.7 2013q2/bin/../lib/gcc/arm-none-eabi/4.7.4/../../../../arm-none-eabi/lib/armv7-m\libg.a(lib_a-dtoa.o) (_Balloc)
c:/program files/gnu tools arm embedded/4.7 2013q2/bin/../lib/gcc/arm-none-eabi/4.7.4/../../../../arm-none-eabi/lib/armv7-m\libg.a(lib_a-s_fpclassify.o)
                              c:/program files/gnu tools arm embedded/4.7 2013q2/bin/../lib/gcc/arm-none-eabi/4.7.4/../../../../arm-none-eabi/lib/armv7-m\libg.a(lib_a-svfprintf.o) (__fpclassifyd)
c:/program files/gnu tools arm embedded/4.7 2013q2/bin/../lib/gcc/arm-none-eabi/4.7.4/../../../../arm-none-eabi/lib/armv7-m\libg.a(lib_a-sbrkr.o)
                              c:/program files/gnu tools arm embedded/4.7 2013q2/bin/../lib/gcc/arm-none-eabi/4.7.4/../../../../arm-none-eabi/lib/armv7-m\libg.a(lib_a-mallocr.o) (_sbrk_r)
c:/program files/gnu tools arm embedded/4.7 2013q2/bin/../lib/gcc/arm-none-eabi/4.7.4/../../../../arm-none-eabi/lib/armv7-m\libg.a(lib_a-strcmp.o)
                              c:/program files/gnu tools arm embedded/4.7 2013q2/bin/../lib/gcc/arm-none-eabi/4.7.4/../../../../arm-none-eabi/lib/armv7-m\libg.a(lib_a-locale.o) (strcmp)
c:/program files/gnu tools arm embedded/4.7 2013q2/bin/../lib/gcc/arm-none-eabi/4.7.4/../../../../arm-none-eabi/lib/armv7-m\libg.a(lib_a-strlen.o)
                              c:/program files/gnu tools arm embedded/4.7 2013q2/bin/../lib/gcc/arm-none-eabi/4.7.4/../../../../arm-none-eabi/lib/armv7-m\libg.a(lib_a-svfprintf.o) (strlen)
c:/program files/gnu tools arm embedded/4.7 2013q2/bin/../lib/gcc/arm-none-eabi/4.7.4/../../../../arm-none-eabi/lib/armv7-m\libg.a(lib_a-svfiprintf.o)
                              c:/program files/gnu tools arm embedded/4.7 2013q2/bin/../lib/gcc/arm-none-eabi/4.7.4/../../../../arm-none-eabi/lib/armv7-m\libg.a(lib_a-svfprintf.o) (__ssprint_r)
c:/program files/gnu tools arm embedded/4.7 2013q2/bin/../lib/gcc/arm-none-eabi/4.7.4/../../../../arm-none-eabi/lib/armv7-m\libg.a(lib_a-callocr.o)
                              c:/program files/gnu tools arm embedded/4.7 2013q2/bin/../lib/gcc/arm-none-eabi/4.7.4/../../../../arm-none-eabi/lib/armv7-m\libg.a(lib_a-mprec.o) (_calloc_r)
c:/program files/gnu tools arm embedded/4.7 2013q2/bin/../lib/gcc/arm-none-eabi/4.7.4/../../../../arm-none-eabi/lib/armv7-m\libg.a(lib_a-freer.o)
                              c:/program files/gnu tools arm embedded/4.7 2013q2/bin/../lib/gcc/arm-none-eabi/4.7.4/../../../../arm-none-eabi/lib/armv7-m\libg.a(lib_a-mallocr.o) (_free_r)
c:/program files/gnu tools arm embedded/4.7 2013q2/bin/../lib/gcc/arm-none-eabi/4.7.4/../../../../arm-none-eabi/lib/armv7-m\libg.a(lib_a-memmove.o)
                              c:/program files/gnu tools arm embedded/4.7 2013q2/bin/../lib/gcc/arm-none-eabi/4.7.4/../../../../arm-none-eabi/lib/armv7-m\libg.a(lib_a-svfiprintf.o) (memmove)
c:/program files/gnu tools arm embedded/4.7 2013q2/bin/../lib/gcc/arm-none-eabi/4.7.4/../../../../arm-none-eabi/lib/armv7-m\libg.a(lib_a-memset.o)
                              c:/program files/gnu tools arm embedded/4.7 2013q2/bin/../lib/gcc/arm-none-eabi/4.7.4/../../../../arm-none-eabi/lib/armv7-m\libg.a(lib_a-callocr.o) (memset)
c:/program files/gnu tools arm embedded/4.7 2013q2/bin/../lib/gcc/arm-none-eabi/4.7.4/../../../../arm-none-eabi/lib/armv7-m\libg.a(lib_a-reallocr.o)
                              c:/program files/gnu tools arm embedded/4.7 2013q2/bin/../lib/gcc/arm-none-eabi/4.7.4/../../../../arm-none-eabi/lib/armv7-m\libg.a(lib_a-svfiprintf.o) (_realloc_r)
c:/program files/gnu tools arm embedded/4.7 2013q2/bin/../lib/gcc/arm-none-eabi/4.7.4/../../../../arm-none-eabi/lib/armv7-m\libg.a(lib_a-reent.o)
                              c:/program files/gnu tools arm embedded/4.7 2013q2/bin/../lib/gcc/arm-none-eabi/4.7.4/../../../../arm-none-eabi/lib/armv7-m\libg.a(lib_a-sbrkr.o) (errno)
c:/program files/gnu tools arm embedded/4.7 2013q2/bin/../lib/gcc/arm-none-eabi/4.7.4/armv7-m\libgcc.a(_arm_addsubdf3.o)
                              c:/program files/gnu tools arm embedded/4.7 2013q2/bin/../lib/gcc/arm-none-eabi/4.7.4/../../../../arm-none-eabi/lib/armv7-m\libg.a(lib_a-dtoa.o) (__aeabi_dsub)
c:/program files/gnu tools arm embedded/4.7 2013q2/bin/../lib/gcc/arm-none-eabi/4.7.4/armv7-m\libgcc.a(_arm_muldivdf3.o)
                              c:/program files/gnu tools arm embedded/4.7 2013q2/bin/../lib/gcc/arm-none-eabi/4.7.4/../../../../arm-none-eabi/lib/armv7-m\libg.a(lib_a-dtoa.o) (__aeabi_dmul)
c:/program files/gnu tools arm embedded/4.7 2013q2/bin/../lib/gcc/arm-none-eabi/4.7.4/armv7-m\libgcc.a(_arm_cmpdf2.o)
                              c:/program files/gnu tools arm embedded/4.7 2013q2/bin/../lib/gcc/arm-none-eabi/4.7.4/../../../../arm-none-eabi/lib/armv7-m\libg.a(lib_a-svfprintf.o) (__aeabi_dcmpeq)
c:/program files/gnu tools arm embedded/4.7 2013q2/bin/../lib/gcc/arm-none-eabi/4.7.4/armv7-m\libgcc.a(_arm_fixdfsi.o)
                              c:/program files/gnu tools arm embedded/4.7 2013q2/bin/../lib/gcc/arm-none-eabi/4.7.4/../../../../arm-none-eabi/lib/armv7-m\libg.a(lib_a-dtoa.o) (__aeabi_d2iz)
c:/program files/gnu tools arm embedded/4.7 2013q2/bin/../lib/gcc/arm-none-eabi/4.7.4/armv7-m\libgcc.a(_aeabi_uldivmod.o)
                              c:/program files/gnu tools arm embedded/4.7 2013q2/bin/../lib/gcc/arm-none-eabi/4.7.4/../../../../arm-none-eabi/lib/armv7-m\libg.a(lib_a-svfprintf.o) (__aeabi_uldivmod)
c:/program files/gnu tools arm embedded/4.7 2013q2/bin/../lib/gcc/arm-none-eabi/4.7.4/armv7-m\libgcc.a(bpabi.o)
                              c:/program files/gnu tools arm embedded/4.7 2013q2/bin/../lib/gcc/arm-none-eabi/4.7.4/armv7-m\libgcc.a(_aeabi_uldivmod.o) (__gnu_uldivmod_helper)
c:/program files/gnu tools arm embedded/4.7 2013q2/bin/../lib/gcc/arm-none-eabi/4.7.4/armv7-m\libgcc.a(_dvmd_tls.o)
                              c:/program files/gnu tools arm embedded/4.7 2013q2/bin/../lib/gcc/arm-none-eabi/4.7.4/armv7-m\libgcc.a(_aeabi_uldivmod.o) (__aeabi_ldiv0)
c:/program files/gnu tools arm embedded/4.7 2013q2/bin/../lib/gcc/arm-none-eabi/4.7.4/armv7-m\libgcc.a(_divdi3.o)
                              c:/program files/gnu tools arm embedded/4.7 2013q2/bin/../lib/gcc/arm-none-eabi/4.7.4/armv7-m\libgcc.a(bpabi.o) (__divdi3)
c:/program files/gnu tools arm embedded/4.7 2013q2/bin/../lib/gcc/arm-none-eabi/4.7.4/armv7-m\libgcc.a(_udivdi3.o)
                              c:/program files/gnu tools arm embedded/4.7 2013q2/bin/../lib/gcc/arm-none-eabi/4.7.4/armv7-m\libgcc.a(bpabi.o) (__udivdi3)

Allocating common symbols
Common symbol       size              file

errno               0x4               c:/program files/gnu tools arm embedded/4.7 2013q2/bin/../lib/gcc/arm-none-eabi/4.7.4/../../../../arm-none-eabi/lib/armv7-m\libg.a(lib_a-reent.o)
buffer              0x28              ..\obj\main.o
HMC5883Lmode        0x1               ..\obj\HMC5883L.o

Discarded input sections

 .text          0x00000000        0x0 ..\obj\HMC5883L.o
 .data          0x00000000        0x0 ..\obj\HMC5883L.o
 .bss           0x00000000        0x0 ..\obj\HMC5883L.o
 .text.HMC5883L_Initialize
                0x00000000       0x38 ..\obj\HMC5883L.o
 .text.HMC5883L_TestConnection
                0x00000000       0x54 ..\obj\HMC5883L.o
 .text.HMC5883L_GetSampleAveraging
                0x00000000       0x2c ..\obj\HMC5883L.o
 .text.HMC5883L_SetSampleAveraging
                0x00000000       0x2c ..\obj\HMC5883L.o
 .text.HMC5883L_GetDataRate
                0x00000000       0x2c ..\obj\HMC5883L.o
 .text.HMC5883L_SetDataRate
                0x00000000       0x2c ..\obj\HMC5883L.o
 .text.HMC5883L_GetMeasurementBias
                0x00000000       0x2c ..\obj\HMC5883L.o
 .text.HMC5883L_SetMeasurementBias
                0x00000000       0x2c ..\obj\HMC5883L.o
 .text.HMC5883L_GetGain
                0x00000000       0x2c ..\obj\HMC5883L.o
 .text.HMC5883L_GetMode
                0x00000000       0x2c ..\obj\HMC5883L.o
 .text.HMC5883L_GetLockStatus
                0x00000000       0x30 ..\obj\HMC5883L.o
 .text.HMC5883L_WriteBits
                0x00000000       0x94 ..\obj\HMC5883L.o
 .text.HMC5883L_WriteBit
                0x00000000       0x7c ..\obj\HMC5883L.o
 .text.HMC5883L_ReadBits
                0x00000000       0x70 ..\obj\HMC5883L.o
 .text.HMC5883L_I2C_Init
                0x00000000       0x94 ..\obj\HMC5883L.o
 .text          0x00000000        0x0 ..\obj\system_stm32f10x.o
 .data          0x00000000       0x14 ..\obj\system_stm32f10x.o
 .bss           0x00000000        0x0 ..\obj\system_stm32f10x.o
 .text.SystemCoreClockUpdate
                0x00000000      0x148 ..\obj\system_stm32f10x.o
 .text          0x00000000        0x0 ..\obj\startup_stm32f10x_md.o
 .data          0x00000000        0x0 ..\obj\startup_stm32f10x_md.o
 .bss           0x00000000        0x0 ..\obj\startup_stm32f10x_md.o
 .text          0x00000000        0x0 ..\obj\stm32f10x_gpio.o
 .data          0x00000000        0x0 ..\obj\stm32f10x_gpio.o
 .bss           0x00000000        0x0 ..\obj\stm32f10x_gpio.o
 .text.GPIO_DeInit
                0x00000000      0x128 ..\obj\stm32f10x_gpio.o
 .text.GPIO_AFIODeInit
                0x00000000       0x20 ..\obj\stm32f10x_gpio.o
 .text.GPIO_StructInit
                0x00000000       0x2c ..\obj\stm32f10x_gpio.o
 .text.GPIO_ReadInputDataBit
                0x00000000       0x3c ..\obj\stm32f10x_gpio.o
 .text.GPIO_ReadInputData
                0x00000000       0x1c ..\obj\stm32f10x_gpio.o
 .text.GPIO_ReadOutputDataBit
                0x00000000       0x3c ..\obj\stm32f10x_gpio.o
 .text.GPIO_ReadOutputData
                0x00000000       0x1c ..\obj\stm32f10x_gpio.o
 .text.GPIO_SetBits
                0x00000000       0x1c ..\obj\stm32f10x_gpio.o
 .text.GPIO_ResetBits
                0x00000000       0x1c ..\obj\stm32f10x_gpio.o
 .text.GPIO_WriteBit
                0x00000000       0x30 ..\obj\stm32f10x_gpio.o
 .text.GPIO_Write
                0x00000000       0x1c ..\obj\stm32f10x_gpio.o
 .text.GPIO_PinLockConfig
                0x00000000       0x44 ..\obj\stm32f10x_gpio.o
 .text.GPIO_EventOutputConfig
                0x00000000       0x54 ..\obj\stm32f10x_gpio.o
 .text.GPIO_EventOutputCmd
                0x00000000       0x20 ..\obj\stm32f10x_gpio.o
 .text.GPIO_EXTILineConfig
                0x00000000       0xb0 ..\obj\stm32f10x_gpio.o
 .text.GPIO_ETH_MediaInterfaceConfig
                0x00000000       0x20 ..\obj\stm32f10x_gpio.o
 .text          0x00000000        0x0 ..\obj\main.o
 .data          0x00000000        0x0 ..\obj\main.o
 .text          0x00000000        0x0 ..\obj\stm32f10x_rcc.o
 .bss           0x00000000        0x0 ..\obj\stm32f10x_rcc.o
 .text.RCC_DeInit
                0x00000000       0x9c ..\obj\stm32f10x_rcc.o
 .text.RCC_HSEConfig
                0x00000000       0x88 ..\obj\stm32f10x_rcc.o
 .text.RCC_WaitForHSEStartUp
                0x00000000       0x64 ..\obj\stm32f10x_rcc.o
 .text.RCC_AdjustHSICalibrationValue
                0x00000000       0x48 ..\obj\stm32f10x_rcc.o
 .text.RCC_HSICmd
                0x00000000       0x20 ..\obj\stm32f10x_rcc.o
 .text.RCC_PLLConfig
                0x00000000       0x48 ..\obj\stm32f10x_rcc.o
 .text.RCC_PLLCmd
                0x00000000       0x20 ..\obj\stm32f10x_rcc.o
 .text.RCC_SYSCLKConfig
                0x00000000       0x40 ..\obj\stm32f10x_rcc.o
 .text.RCC_GetSYSCLKSource
                0x00000000       0x20 ..\obj\stm32f10x_rcc.o
 .text.RCC_HCLKConfig
                0x00000000       0x40 ..\obj\stm32f10x_rcc.o
 .text.RCC_PCLK1Config
                0x00000000       0x40 ..\obj\stm32f10x_rcc.o
 .text.RCC_PCLK2Config
                0x00000000       0x44 ..\obj\stm32f10x_rcc.o
 .text.RCC_ITConfig
                0x00000000       0x60 ..\obj\stm32f10x_rcc.o
 .text.RCC_USBCLKConfig
                0x00000000       0x20 ..\obj\stm32f10x_rcc.o
 .text.RCC_ADCCLKConfig
                0x00000000       0x40 ..\obj\stm32f10x_rcc.o
 .text.RCC_LSEConfig
                0x00000000       0x60 ..\obj\stm32f10x_rcc.o
 .text.RCC_LSICmd
                0x00000000       0x20 ..\obj\stm32f10x_rcc.o
 .text.RCC_RTCCLKConfig
                0x00000000       0x2c ..\obj\stm32f10x_rcc.o
 .text.RCC_RTCCLKCmd
                0x00000000       0x20 ..\obj\stm32f10x_rcc.o
 .text.RCC_AHBPeriphClockCmd
                0x00000000       0x54 ..\obj\stm32f10x_rcc.o
 .text.RCC_APB2PeriphResetCmd
                0x00000000       0x54 ..\obj\stm32f10x_rcc.o
 .text.RCC_APB1PeriphResetCmd
                0x00000000       0x54 ..\obj\stm32f10x_rcc.o
 .text.RCC_BackupResetCmd
                0x00000000       0x20 ..\obj\stm32f10x_rcc.o
 .text.RCC_ClockSecuritySystemCmd
                0x00000000       0x20 ..\obj\stm32f10x_rcc.o
 .text.RCC_MCOConfig
                0x00000000       0x20 ..\obj\stm32f10x_rcc.o
 .text.RCC_GetFlagStatus
                0x00000000       0x90 ..\obj\stm32f10x_rcc.o
 .text.RCC_ClearFlag
                0x00000000       0x24 ..\obj\stm32f10x_rcc.o
 .text.RCC_GetITStatus
                0x00000000       0x40 ..\obj\stm32f10x_rcc.o
 .text.RCC_ClearITPendingBit
                0x00000000       0x20 ..\obj\stm32f10x_rcc.o
 .text          0x00000000        0x0 ..\obj\stm32f10x_usart.o
 .data          0x00000000        0x0 ..\obj\stm32f10x_usart.o
 .bss           0x00000000        0x0 ..\obj\stm32f10x_usart.o
 .text.USART_DeInit
                0x00000000       0xd8 ..\obj\stm32f10x_usart.o
 .text.USART_StructInit
                0x00000000       0x44 ..\obj\stm32f10x_usart.o
 .text.USART_ClockInit
                0x00000000       0x58 ..\obj\stm32f10x_usart.o
 .text.USART_ClockStructInit
                0x00000000       0x34 ..\obj\stm32f10x_usart.o
 .text.USART_DMACmd
                0x00000000       0x48 ..\obj\stm32f10x_usart.o
 .text.USART_SetAddress
                0x00000000       0x38 ..\obj\stm32f10x_usart.o
 .text.USART_WakeUpConfig
                0x00000000       0x38 ..\obj\stm32f10x_usart.o
 .text.USART_ReceiverWakeUpCmd
                0x00000000       0x40 ..\obj\stm32f10x_usart.o
 .text.USART_LINBreakDetectLengthConfig
                0x00000000       0x38 ..\obj\stm32f10x_usart.o
 .text.USART_LINCmd
                0x00000000       0x40 ..\obj\stm32f10x_usart.o
 .text.USART_SendBreak
                0x00000000       0x24 ..\obj\stm32f10x_usart.o
 .text.USART_SetGuardTime
                0x00000000       0x3c ..\obj\stm32f10x_usart.o
 .text.USART_SetPrescaler
                0x00000000       0x38 ..\obj\stm32f10x_usart.o
 .text.USART_SmartCardCmd
                0x00000000       0x40 ..\obj\stm32f10x_usart.o
 .text.USART_SmartCardNACKCmd
                0x00000000       0x40 ..\obj\stm32f10x_usart.o
 .text.USART_HalfDuplexCmd
                0x00000000       0x40 ..\obj\stm32f10x_usart.o
 .text.USART_OverSampling8Cmd
                0x00000000       0x48 ..\obj\stm32f10x_usart.o
 .text.USART_OneBitMethodCmd
                0x00000000       0x40 ..\obj\stm32f10x_usart.o
 .text.USART_IrDAConfig
                0x00000000       0x38 ..\obj\stm32f10x_usart.o
 .text.USART_IrDACmd
                0x00000000       0x40 ..\obj\stm32f10x_usart.o
 .text.USART_ClearFlag
                0x00000000       0x24 ..\obj\stm32f10x_usart.o
 .text.USART_ClearITPendingBit
                0x00000000       0x44 ..\obj\stm32f10x_usart.o
 .text          0x00000000        0x0 ..\obj\syscalls.o
 .data          0x00000000        0x0 ..\obj\syscalls.o
 .text.link     0x00000000       0x1c ..\obj\syscalls.o
 .text._close   0x00000000       0x18 ..\obj\syscalls.o
 .text._fstat   0x00000000       0x24 ..\obj\syscalls.o
 .text._isatty  0x00000000       0x18 ..\obj\syscalls.o
 .text._lseek   0x00000000       0x1c ..\obj\syscalls.o
 .text._read    0x00000000       0x1c ..\obj\syscalls.o
 .text._write   0x00000000       0x1c ..\obj\syscalls.o
 .text.abort    0x00000000        0x8 ..\obj\syscalls.o
 .text          0x00000000        0x0 ..\obj\stm32f10x_i2c.o
 .data          0x00000000        0x0 ..\obj\stm32f10x_i2c.o
 .bss           0x00000000        0x0 ..\obj\stm32f10x_i2c.o
 .text.I2C_DeInit
                0x00000000       0x50 ..\obj\stm32f10x_i2c.o
 .text.I2C_StructInit
                0x00000000       0x44 ..\obj\stm32f10x_i2c.o
 .text.I2C_DMACmd
                0x00000000       0x40 ..\obj\stm32f10x_i2c.o
 .text.I2C_DMALastTransferCmd
                0x00000000       0x40 ..\obj\stm32f10x_i2c.o
 .text.I2C_OwnAddress2Config
                0x00000000       0x44 ..\obj\stm32f10x_i2c.o
 .text.I2C_DualAddressCmd
                0x00000000       0x40 ..\obj\stm32f10x_i2c.o
 .text.I2C_GeneralCallCmd
                0x00000000       0x40 ..\obj\stm32f10x_i2c.o
 .text.I2C_ITConfig
                0x00000000       0x48 ..\obj\stm32f10x_i2c.o
 .text.I2C_ReadRegister
                0x00000000       0x30 ..\obj\stm32f10x_i2c.o
 .text.I2C_SoftwareResetCmd
                0x00000000       0x48 ..\obj\stm32f10x_i2c.o
 .text.I2C_NACKPositionConfig
                0x00000000       0x40 ..\obj\stm32f10x_i2c.o
 .text.I2C_SMBusAlertConfig
                0x00000000       0x40 ..\obj\stm32f10x_i2c.o
 .text.I2C_TransmitPEC
                0x00000000       0x40 ..\obj\stm32f10x_i2c.o
 .text.I2C_PECPositionConfig
                0x00000000       0x40 ..\obj\stm32f10x_i2c.o
 .text.I2C_CalculatePEC
                0x00000000       0x40 ..\obj\stm32f10x_i2c.o
 .text.I2C_GetPEC
                0x00000000       0x24 ..\obj\stm32f10x_i2c.o
 .text.I2C_ARPCmd
                0x00000000       0x40 ..\obj\stm32f10x_i2c.o
 .text.I2C_StretchClockCmd
                0x00000000       0x40 ..\obj\stm32f10x_i2c.o
 .text.I2C_FastModeDutyCycleConfig
                0x00000000       0x40 ..\obj\stm32f10x_i2c.o
 .text.I2C_GetLastEvent
                0x00000000       0x4c ..\obj\stm32f10x_i2c.o
 .text.I2C_ClearFlag
                0x00000000       0x30 ..\obj\stm32f10x_i2c.o
 .text.I2C_GetITStatus
                0x00000000       0x64 ..\obj\stm32f10x_i2c.o
 .text.I2C_ClearITPendingBit
                0x00000000       0x30 ..\obj\stm32f10x_i2c.o
 .text          0x00000000        0x0 c:/program files/gnu tools arm embedded/4.7 2013q2/bin/../lib/gcc/arm-none-eabi/4.7.4/../../../../arm-none-eabi/lib/armv7-m\libg.a(lib_a-sprintf.o)
 .data          0x00000000        0x0 c:/program files/gnu tools arm embedded/4.7 2013q2/bin/../lib/gcc/arm-none-eabi/4.7.4/../../../../arm-none-eabi/lib/armv7-m\libg.a(lib_a-sprintf.o)
 .bss           0x00000000        0x0 c:/program files/gnu tools arm embedded/4.7 2013q2/bin/../lib/gcc/arm-none-eabi/4.7.4/../../../../arm-none-eabi/lib/armv7-m\libg.a(lib_a-sprintf.o)
 .text._sprintf_r
                0x00000000       0x44 c:/program files/gnu tools arm embedded/4.7 2013q2/bin/../lib/gcc/arm-none-eabi/4.7.4/../../../../arm-none-eabi/lib/armv7-m\libg.a(lib_a-sprintf.o)
 .text          0x00000000        0x0 c:/program files/gnu tools arm embedded/4.7 2013q2/bin/../lib/gcc/arm-none-eabi/4.7.4/../../../../arm-none-eabi/lib/armv7-m\libg.a(lib_a-svfprintf.o)
 .data          0x00000000        0x0 c:/program files/gnu tools arm embedded/4.7 2013q2/bin/../lib/gcc/arm-none-eabi/4.7.4/../../../../arm-none-eabi/lib/armv7-m\libg.a(lib_a-svfprintf.o)
 .bss           0x00000000        0x0 c:/program files/gnu tools arm embedded/4.7 2013q2/bin/../lib/gcc/arm-none-eabi/4.7.4/../../../../arm-none-eabi/lib/armv7-m\libg.a(lib_a-svfprintf.o)
 .text          0x00000000        0x0 c:/program files/gnu tools arm embedded/4.7 2013q2/bin/../lib/gcc/arm-none-eabi/4.7.4/../../../../arm-none-eabi/lib/armv7-m\libg.a(lib_a-dtoa.o)
 .data          0x00000000        0x0 c:/program files/gnu tools arm embedded/4.7 2013q2/bin/../lib/gcc/arm-none-eabi/4.7.4/../../../../arm-none-eabi/lib/armv7-m\libg.a(lib_a-dtoa.o)
 .bss           0x00000000        0x0 c:/program files/gnu tools arm embedded/4.7 2013q2/bin/../lib/gcc/arm-none-eabi/4.7.4/../../../../arm-none-eabi/lib/armv7-m\libg.a(lib_a-dtoa.o)
 .text          0x00000000        0x0 c:/program files/gnu tools arm embedded/4.7 2013q2/bin/../lib/gcc/arm-none-eabi/4.7.4/../../../../arm-none-eabi/lib/armv7-m\libg.a(lib_a-impure.o)
 .data          0x00000000        0x0 c:/program files/gnu tools arm embedded/4.7 2013q2/bin/../lib/gcc/arm-none-eabi/4.7.4/../../../../arm-none-eabi/lib/armv7-m\libg.a(lib_a-impure.o)
 .bss           0x00000000        0x0 c:/program files/gnu tools arm embedded/4.7 2013q2/bin/../lib/gcc/arm-none-eabi/4.7.4/../../../../arm-none-eabi/lib/armv7-m\libg.a(lib_a-impure.o)
 .rodata._global_impure_ptr
                0x00000000        0x4 c:/program files/gnu tools arm embedded/4.7 2013q2/bin/../lib/gcc/arm-none-eabi/4.7.4/../../../../arm-none-eabi/lib/armv7-m\libg.a(lib_a-impure.o)
 .text          0x00000000        0x0 c:/program files/gnu tools arm embedded/4.7 2013q2/bin/../lib/gcc/arm-none-eabi/4.7.4/../../../../arm-none-eabi/lib/armv7-m\libg.a(lib_a-locale.o)
 .data          0x00000000        0x0 c:/program files/gnu tools arm embedded/4.7 2013q2/bin/../lib/gcc/arm-none-eabi/4.7.4/../../../../arm-none-eabi/lib/armv7-m\libg.a(lib_a-locale.o)
 .bss           0x00000000        0x0 c:/program files/gnu tools arm embedded/4.7 2013q2/bin/../lib/gcc/arm-none-eabi/4.7.4/../../../../arm-none-eabi/lib/armv7-m\libg.a(lib_a-locale.o)
 .text._setlocale_r
                0x00000000       0x40 c:/program files/gnu tools arm embedded/4.7 2013q2/bin/../lib/gcc/arm-none-eabi/4.7.4/../../../../arm-none-eabi/lib/armv7-m\libg.a(lib_a-locale.o)
 .text.__locale_charset
                0x00000000        0xc c:/program files/gnu tools arm embedded/4.7 2013q2/bin/../lib/gcc/arm-none-eabi/4.7.4/../../../../arm-none-eabi/lib/armv7-m\libg.a(lib_a-locale.o)
 .text.__locale_mb_cur_max
                0x00000000        0xc c:/program files/gnu tools arm embedded/4.7 2013q2/bin/../lib/gcc/arm-none-eabi/4.7.4/../../../../arm-none-eabi/lib/armv7-m\libg.a(lib_a-locale.o)
 .text.__locale_msgcharset
                0x00000000        0xc c:/program files/gnu tools arm embedded/4.7 2013q2/bin/../lib/gcc/arm-none-eabi/4.7.4/../../../../arm-none-eabi/lib/armv7-m\libg.a(lib_a-locale.o)
 .text.__locale_cjk_lang
                0x00000000        0x4 c:/program files/gnu tools arm embedded/4.7 2013q2/bin/../lib/gcc/arm-none-eabi/4.7.4/../../../../arm-none-eabi/lib/armv7-m\libg.a(lib_a-locale.o)
 .text.setlocale
                0x00000000       0x18 c:/program files/gnu tools arm embedded/4.7 2013q2/bin/../lib/gcc/arm-none-eabi/4.7.4/../../../../arm-none-eabi/lib/armv7-m\libg.a(lib_a-locale.o)
 .text.localeconv
                0x00000000        0xc c:/program files/gnu tools arm embedded/4.7 2013q2/bin/../lib/gcc/arm-none-eabi/4.7.4/../../../../arm-none-eabi/lib/armv7-m\libg.a(lib_a-locale.o)
 .data.lc_message_charset
                0x00000000       0x20 c:/program files/gnu tools arm embedded/4.7 2013q2/bin/../lib/gcc/arm-none-eabi/4.7.4/../../../../arm-none-eabi/lib/armv7-m\libg.a(lib_a-locale.o)
 .bss._PathLocale
                0x00000000        0x4 c:/program files/gnu tools arm embedded/4.7 2013q2/bin/../lib/gcc/arm-none-eabi/4.7.4/../../../../arm-none-eabi/lib/armv7-m\libg.a(lib_a-locale.o)
 .bss.__nlocale_changed
                0x00000000        0x4 c:/program files/gnu tools arm embedded/4.7 2013q2/bin/../lib/gcc/arm-none-eabi/4.7.4/../../../../arm-none-eabi/lib/armv7-m\libg.a(lib_a-locale.o)
 .bss.__mlocale_changed
                0x00000000        0x4 c:/program files/gnu tools arm embedded/4.7 2013q2/bin/../lib/gcc/arm-none-eabi/4.7.4/../../../../arm-none-eabi/lib/armv7-m\libg.a(lib_a-locale.o)
 .data.lc_ctype_charset
                0x00000000       0x20 c:/program files/gnu tools arm embedded/4.7 2013q2/bin/../lib/gcc/arm-none-eabi/4.7.4/../../../../arm-none-eabi/lib/armv7-m\libg.a(lib_a-locale.o)
 .data.__mb_cur_max
                0x00000000        0x4 c:/program files/gnu tools arm embedded/4.7 2013q2/bin/../lib/gcc/arm-none-eabi/4.7.4/../../../../arm-none-eabi/lib/armv7-m\libg.a(lib_a-locale.o)
 .text          0x00000000        0x0 c:/program files/gnu tools arm embedded/4.7 2013q2/bin/../lib/gcc/arm-none-eabi/4.7.4/../../../../arm-none-eabi/lib/armv7-m\libg.a(lib_a-mallocr.o)
 .data          0x00000000        0x0 c:/program files/gnu tools arm embedded/4.7 2013q2/bin/../lib/gcc/arm-none-eabi/4.7.4/../../../../arm-none-eabi/lib/armv7-m\libg.a(lib_a-mallocr.o)
 .bss           0x00000000        0x0 c:/program files/gnu tools arm embedded/4.7 2013q2/bin/../lib/gcc/arm-none-eabi/4.7.4/../../../../arm-none-eabi/lib/armv7-m\libg.a(lib_a-mallocr.o)
 .text          0x00000000        0x0 c:/program files/gnu tools arm embedded/4.7 2013q2/bin/../lib/gcc/arm-none-eabi/4.7.4/../../../../arm-none-eabi/lib/armv7-m\libg.a(lib_a-memchr.o)
 .data          0x00000000        0x0 c:/program files/gnu tools arm embedded/4.7 2013q2/bin/../lib/gcc/arm-none-eabi/4.7.4/../../../../arm-none-eabi/lib/armv7-m\libg.a(lib_a-memchr.o)
 .bss           0x00000000        0x0 c:/program files/gnu tools arm embedded/4.7 2013q2/bin/../lib/gcc/arm-none-eabi/4.7.4/../../../../arm-none-eabi/lib/armv7-m\libg.a(lib_a-memchr.o)
 .text          0x00000000        0x0 c:/program files/gnu tools arm embedded/4.7 2013q2/bin/../lib/gcc/arm-none-eabi/4.7.4/../../../../arm-none-eabi/lib/armv7-m\libg.a(lib_a-memcpy.o)
 .data          0x00000000        0x0 c:/program files/gnu tools arm embedded/4.7 2013q2/bin/../lib/gcc/arm-none-eabi/4.7.4/../../../../arm-none-eabi/lib/armv7-m\libg.a(lib_a-memcpy.o)
 .bss           0x00000000        0x0 c:/program files/gnu tools arm embedded/4.7 2013q2/bin/../lib/gcc/arm-none-eabi/4.7.4/../../../../arm-none-eabi/lib/armv7-m\libg.a(lib_a-memcpy.o)
 .text          0x00000000        0x0 c:/program files/gnu tools arm embedded/4.7 2013q2/bin/../lib/gcc/arm-none-eabi/4.7.4/../../../../arm-none-eabi/lib/armv7-m\libg.a(lib_a-mlock.o)
 .data          0x00000000        0x0 c:/program files/gnu tools arm embedded/4.7 2013q2/bin/../lib/gcc/arm-none-eabi/4.7.4/../../../../arm-none-eabi/lib/armv7-m\libg.a(lib_a-mlock.o)
 .bss           0x00000000        0x0 c:/program files/gnu tools arm embedded/4.7 2013q2/bin/../lib/gcc/arm-none-eabi/4.7.4/../../../../arm-none-eabi/lib/armv7-m\libg.a(lib_a-mlock.o)
 .text          0x00000000        0x0 c:/program files/gnu tools arm embedded/4.7 2013q2/bin/../lib/gcc/arm-none-eabi/4.7.4/../../../../arm-none-eabi/lib/armv7-m\libg.a(lib_a-mprec.o)
 .data          0x00000000        0x0 c:/program files/gnu tools arm embedded/4.7 2013q2/bin/../lib/gcc/arm-none-eabi/4.7.4/../../../../arm-none-eabi/lib/armv7-m\libg.a(lib_a-mprec.o)
 .bss           0x00000000        0x0 c:/program files/gnu tools arm embedded/4.7 2013q2/bin/../lib/gcc/arm-none-eabi/4.7.4/../../../../arm-none-eabi/lib/armv7-m\libg.a(lib_a-mprec.o)
 .text.__s2b    0x00000000      0x140 c:/program files/gnu tools arm embedded/4.7 2013q2/bin/../lib/gcc/arm-none-eabi/4.7.4/../../../../arm-none-eabi/lib/armv7-m\libg.a(lib_a-mprec.o)
 .text.__ulp    0x00000000       0x44 c:/program files/gnu tools arm embedded/4.7 2013q2/bin/../lib/gcc/arm-none-eabi/4.7.4/../../../../arm-none-eabi/lib/armv7-m\libg.a(lib_a-mprec.o)
 .text.__b2d    0x00000000       0xbc c:/program files/gnu tools arm embedded/4.7 2013q2/bin/../lib/gcc/arm-none-eabi/4.7.4/../../../../arm-none-eabi/lib/armv7-m\libg.a(lib_a-mprec.o)
 .text.__ratio  0x00000000       0x54 c:/program files/gnu tools arm embedded/4.7 2013q2/bin/../lib/gcc/arm-none-eabi/4.7.4/../../../../arm-none-eabi/lib/armv7-m\libg.a(lib_a-mprec.o)
 .text._mprec_log10
                0x00000000       0x68 c:/program files/gnu tools arm embedded/4.7 2013q2/bin/../lib/gcc/arm-none-eabi/4.7.4/../../../../arm-none-eabi/lib/armv7-m\libg.a(lib_a-mprec.o)
 .text.__copybits
                0x00000000       0xa0 c:/program files/gnu tools arm embedded/4.7 2013q2/bin/../lib/gcc/arm-none-eabi/4.7.4/../../../../arm-none-eabi/lib/armv7-m\libg.a(lib_a-mprec.o)
 .text.__any_on
                0x00000000       0x74 c:/program files/gnu tools arm embedded/4.7 2013q2/bin/../lib/gcc/arm-none-eabi/4.7.4/../../../../arm-none-eabi/lib/armv7-m\libg.a(lib_a-mprec.o)
 .rodata.__mprec_tinytens
                0x00000000       0x28 c:/program files/gnu tools arm embedded/4.7 2013q2/bin/../lib/gcc/arm-none-eabi/4.7.4/../../../../arm-none-eabi/lib/armv7-m\libg.a(lib_a-mprec.o)
 .text          0x00000000        0x0 c:/program files/gnu tools arm embedded/4.7 2013q2/bin/../lib/gcc/arm-none-eabi/4.7.4/../../../../arm-none-eabi/lib/armv7-m\libg.a(lib_a-s_fpclassify.o)
 .data          0x00000000        0x0 c:/program files/gnu tools arm embedded/4.7 2013q2/bin/../lib/gcc/arm-none-eabi/4.7.4/../../../../arm-none-eabi/lib/armv7-m\libg.a(lib_a-s_fpclassify.o)
 .bss           0x00000000        0x0 c:/program files/gnu tools arm embedded/4.7 2013q2/bin/../lib/gcc/arm-none-eabi/4.7.4/../../../../arm-none-eabi/lib/armv7-m\libg.a(lib_a-s_fpclassify.o)
 .text          0x00000000        0x0 c:/program files/gnu tools arm embedded/4.7 2013q2/bin/../lib/gcc/arm-none-eabi/4.7.4/../../../../arm-none-eabi/lib/armv7-m\libg.a(lib_a-sbrkr.o)
 .data          0x00000000        0x0 c:/program files/gnu tools arm embedded/4.7 2013q2/bin/../lib/gcc/arm-none-eabi/4.7.4/../../../../arm-none-eabi/lib/armv7-m\libg.a(lib_a-sbrkr.o)
 .bss           0x00000000        0x0 c:/program files/gnu tools arm embedded/4.7 2013q2/bin/../lib/gcc/arm-none-eabi/4.7.4/../../../../arm-none-eabi/lib/armv7-m\libg.a(lib_a-sbrkr.o)
 .text          0x00000000        0x0 c:/program files/gnu tools arm embedded/4.7 2013q2/bin/../lib/gcc/arm-none-eabi/4.7.4/../../../../arm-none-eabi/lib/armv7-m\libg.a(lib_a-strcmp.o)
 .data          0x00000000        0x0 c:/program files/gnu tools arm embedded/4.7 2013q2/bin/../lib/gcc/arm-none-eabi/4.7.4/../../../../arm-none-eabi/lib/armv7-m\libg.a(lib_a-strcmp.o)
 .bss           0x00000000        0x0 c:/program files/gnu tools arm embedded/4.7 2013q2/bin/../lib/gcc/arm-none-eabi/4.7.4/../../../../arm-none-eabi/lib/armv7-m\libg.a(lib_a-strcmp.o)
 .text.strcmp   0x00000000       0x80 c:/program files/gnu tools arm embedded/4.7 2013q2/bin/../lib/gcc/arm-none-eabi/4.7.4/../../../../arm-none-eabi/lib/armv7-m\libg.a(lib_a-strcmp.o)
 .text.strcmp_unaligned
                0x00000000      0x15c c:/program files/gnu tools arm embedded/4.7 2013q2/bin/../lib/gcc/arm-none-eabi/4.7.4/../../../../arm-none-eabi/lib/armv7-m\libg.a(lib_a-strcmp.o)
 .ARM.attributes
                0x00000000       0x2d c:/program files/gnu tools arm embedded/4.7 2013q2/bin/../lib/gcc/arm-none-eabi/4.7.4/../../../../arm-none-eabi/lib/armv7-m\libg.a(lib_a-strcmp.o)
 .debug_frame   0x00000000       0x30 c:/program files/gnu tools arm embedded/4.7 2013q2/bin/../lib/gcc/arm-none-eabi/4.7.4/../../../../arm-none-eabi/lib/armv7-m\libg.a(lib_a-strcmp.o)
 .text          0x00000000        0x0 c:/program files/gnu tools arm embedded/4.7 2013q2/bin/../lib/gcc/arm-none-eabi/4.7.4/../../../../arm-none-eabi/lib/armv7-m\libg.a(lib_a-strlen.o)
 .data          0x00000000        0x0 c:/program files/gnu tools arm embedded/4.7 2013q2/bin/../lib/gcc/arm-none-eabi/4.7.4/../../../../arm-none-eabi/lib/armv7-m\libg.a(lib_a-strlen.o)
 .bss           0x00000000        0x0 c:/program files/gnu tools arm embedded/4.7 2013q2/bin/../lib/gcc/arm-none-eabi/4.7.4/../../../../arm-none-eabi/lib/armv7-m\libg.a(lib_a-strlen.o)
 .text          0x00000000        0x0 c:/program files/gnu tools arm embedded/4.7 2013q2/bin/../lib/gcc/arm-none-eabi/4.7.4/../../../../arm-none-eabi/lib/armv7-m\libg.a(lib_a-svfiprintf.o)
 .data          0x00000000        0x0 c:/program files/gnu tools arm embedded/4.7 2013q2/bin/../lib/gcc/arm-none-eabi/4.7.4/../../../../arm-none-eabi/lib/armv7-m\libg.a(lib_a-svfiprintf.o)
 .bss           0x00000000        0x0 c:/program files/gnu tools arm embedded/4.7 2013q2/bin/../lib/gcc/arm-none-eabi/4.7.4/../../../../arm-none-eabi/lib/armv7-m\libg.a(lib_a-svfiprintf.o)
 .text._svfiprintf_r
                0x00000000      0xe90 c:/program files/gnu tools arm embedded/4.7 2013q2/bin/../lib/gcc/arm-none-eabi/4.7.4/../../../../arm-none-eabi/lib/armv7-m\libg.a(lib_a-svfiprintf.o)
 .rodata.zeroes.6665
                0x00000000       0x10 c:/program files/gnu tools arm embedded/4.7 2013q2/bin/../lib/gcc/arm-none-eabi/4.7.4/../../../../arm-none-eabi/lib/armv7-m\libg.a(lib_a-svfiprintf.o)
 .rodata.str1.4
                0x00000000       0x30 c:/program files/gnu tools arm embedded/4.7 2013q2/bin/../lib/gcc/arm-none-eabi/4.7.4/../../../../arm-none-eabi/lib/armv7-m\libg.a(lib_a-svfiprintf.o)
 .rodata.blanks.6664
                0x00000000       0x10 c:/program files/gnu tools arm embedded/4.7 2013q2/bin/../lib/gcc/arm-none-eabi/4.7.4/../../../../arm-none-eabi/lib/armv7-m\libg.a(lib_a-svfiprintf.o)
 .text          0x00000000        0x0 c:/program files/gnu tools arm embedded/4.7 2013q2/bin/../lib/gcc/arm-none-eabi/4.7.4/../../../../arm-none-eabi/lib/armv7-m\libg.a(lib_a-callocr.o)
 .data          0x00000000        0x0 c:/program files/gnu tools arm embedded/4.7 2013q2/bin/../lib/gcc/arm-none-eabi/4.7.4/../../../../arm-none-eabi/lib/armv7-m\libg.a(lib_a-callocr.o)
 .bss           0x00000000        0x0 c:/program files/gnu tools arm embedded/4.7 2013q2/bin/../lib/gcc/arm-none-eabi/4.7.4/../../../../arm-none-eabi/lib/armv7-m\libg.a(lib_a-callocr.o)
 .text          0x00000000        0x0 c:/program files/gnu tools arm embedded/4.7 2013q2/bin/../lib/gcc/arm-none-eabi/4.7.4/../../../../arm-none-eabi/lib/armv7-m\libg.a(lib_a-freer.o)
 .data          0x00000000        0x0 c:/program files/gnu tools arm embedded/4.7 2013q2/bin/../lib/gcc/arm-none-eabi/4.7.4/../../../../arm-none-eabi/lib/armv7-m\libg.a(lib_a-freer.o)
 .bss           0x00000000        0x0 c:/program files/gnu tools arm embedded/4.7 2013q2/bin/../lib/gcc/arm-none-eabi/4.7.4/../../../../arm-none-eabi/lib/armv7-m\libg.a(lib_a-freer.o)
 .text          0x00000000        0x0 c:/program files/gnu tools arm embedded/4.7 2013q2/bin/../lib/gcc/arm-none-eabi/4.7.4/../../../../arm-none-eabi/lib/armv7-m\libg.a(lib_a-memmove.o)
 .data          0x00000000        0x0 c:/program files/gnu tools arm embedded/4.7 2013q2/bin/../lib/gcc/arm-none-eabi/4.7.4/../../../../arm-none-eabi/lib/armv7-m\libg.a(lib_a-memmove.o)
 .bss           0x00000000        0x0 c:/program files/gnu tools arm embedded/4.7 2013q2/bin/../lib/gcc/arm-none-eabi/4.7.4/../../../../arm-none-eabi/lib/armv7-m\libg.a(lib_a-memmove.o)
 .text          0x00000000        0x0 c:/program files/gnu tools arm embedded/4.7 2013q2/bin/../lib/gcc/arm-none-eabi/4.7.4/../../../../arm-none-eabi/lib/armv7-m\libg.a(lib_a-memset.o)
 .data          0x00000000        0x0 c:/program files/gnu tools arm embedded/4.7 2013q2/bin/../lib/gcc/arm-none-eabi/4.7.4/../../../../arm-none-eabi/lib/armv7-m\libg.a(lib_a-memset.o)
 .bss           0x00000000        0x0 c:/program files/gnu tools arm embedded/4.7 2013q2/bin/../lib/gcc/arm-none-eabi/4.7.4/../../../../arm-none-eabi/lib/armv7-m\libg.a(lib_a-memset.o)
 .text          0x00000000        0x0 c:/program files/gnu tools arm embedded/4.7 2013q2/bin/../lib/gcc/arm-none-eabi/4.7.4/../../../../arm-none-eabi/lib/armv7-m\libg.a(lib_a-reallocr.o)
 .data          0x00000000        0x0 c:/program files/gnu tools arm embedded/4.7 2013q2/bin/../lib/gcc/arm-none-eabi/4.7.4/../../../../arm-none-eabi/lib/armv7-m\libg.a(lib_a-reallocr.o)
 .bss           0x00000000        0x0 c:/program files/gnu tools arm embedded/4.7 2013q2/bin/../lib/gcc/arm-none-eabi/4.7.4/../../../../arm-none-eabi/lib/armv7-m\libg.a(lib_a-reallocr.o)
 .text          0x00000000        0x0 c:/program files/gnu tools arm embedded/4.7 2013q2/bin/../lib/gcc/arm-none-eabi/4.7.4/../../../../arm-none-eabi/lib/armv7-m\libg.a(lib_a-reent.o)
 .data          0x00000000        0x0 c:/program files/gnu tools arm embedded/4.7 2013q2/bin/../lib/gcc/arm-none-eabi/4.7.4/../../../../arm-none-eabi/lib/armv7-m\libg.a(lib_a-reent.o)
 .bss           0x00000000        0x0 c:/program files/gnu tools arm embedded/4.7 2013q2/bin/../lib/gcc/arm-none-eabi/4.7.4/../../../../arm-none-eabi/lib/armv7-m\libg.a(lib_a-reent.o)
 .text.cleanup_glue
                0x00000000       0x1c c:/program files/gnu tools arm embedded/4.7 2013q2/bin/../lib/gcc/arm-none-eabi/4.7.4/../../../../arm-none-eabi/lib/armv7-m\libg.a(lib_a-reent.o)
 .text._reclaim_reent
                0x00000000       0x8c c:/program files/gnu tools arm embedded/4.7 2013q2/bin/../lib/gcc/arm-none-eabi/4.7.4/../../../../arm-none-eabi/lib/armv7-m\libg.a(lib_a-reent.o)
 .text._wrapup_reent
                0x00000000       0x74 c:/program files/gnu tools arm embedded/4.7 2013q2/bin/../lib/gcc/arm-none-eabi/4.7.4/../../../../arm-none-eabi/lib/armv7-m\libg.a(lib_a-reent.o)
 .data          0x00000000        0x0 c:/program files/gnu tools arm embedded/4.7 2013q2/bin/../lib/gcc/arm-none-eabi/4.7.4/armv7-m\libgcc.a(_arm_addsubdf3.o)
 .bss           0x00000000        0x0 c:/program files/gnu tools arm embedded/4.7 2013q2/bin/../lib/gcc/arm-none-eabi/4.7.4/armv7-m\libgcc.a(_arm_addsubdf3.o)
 .data          0x00000000        0x0 c:/program files/gnu tools arm embedded/4.7 2013q2/bin/../lib/gcc/arm-none-eabi/4.7.4/armv7-m\libgcc.a(_arm_muldivdf3.o)
 .bss           0x00000000        0x0 c:/program files/gnu tools arm embedded/4.7 2013q2/bin/../lib/gcc/arm-none-eabi/4.7.4/armv7-m\libgcc.a(_arm_muldivdf3.o)
 .data          0x00000000        0x0 c:/program files/gnu tools arm embedded/4.7 2013q2/bin/../lib/gcc/arm-none-eabi/4.7.4/armv7-m\libgcc.a(_arm_cmpdf2.o)
 .bss           0x00000000        0x0 c:/program files/gnu tools arm embedded/4.7 2013q2/bin/../lib/gcc/arm-none-eabi/4.7.4/armv7-m\libgcc.a(_arm_cmpdf2.o)
 .data          0x00000000        0x0 c:/program files/gnu tools arm embedded/4.7 2013q2/bin/../lib/gcc/arm-none-eabi/4.7.4/armv7-m\libgcc.a(_arm_fixdfsi.o)
 .bss           0x00000000        0x0 c:/program files/gnu tools arm embedded/4.7 2013q2/bin/../lib/gcc/arm-none-eabi/4.7.4/armv7-m\libgcc.a(_arm_fixdfsi.o)
 .data          0x00000000        0x0 c:/program files/gnu tools arm embedded/4.7 2013q2/bin/../lib/gcc/arm-none-eabi/4.7.4/armv7-m\libgcc.a(_aeabi_uldivmod.o)
 .bss           0x00000000        0x0 c:/program files/gnu tools arm embedded/4.7 2013q2/bin/../lib/gcc/arm-none-eabi/4.7.4/armv7-m\libgcc.a(_aeabi_uldivmod.o)
 .data          0x00000000        0x0 c:/program files/gnu tools arm embedded/4.7 2013q2/bin/../lib/gcc/arm-none-eabi/4.7.4/armv7-m\libgcc.a(bpabi.o)
 .bss           0x00000000        0x0 c:/program files/gnu tools arm embedded/4.7 2013q2/bin/../lib/gcc/arm-none-eabi/4.7.4/armv7-m\libgcc.a(bpabi.o)
 .data          0x00000000        0x0 c:/program files/gnu tools arm embedded/4.7 2013q2/bin/../lib/gcc/arm-none-eabi/4.7.4/armv7-m\libgcc.a(_dvmd_tls.o)
 .bss           0x00000000        0x0 c:/program files/gnu tools arm embedded/4.7 2013q2/bin/../lib/gcc/arm-none-eabi/4.7.4/armv7-m\libgcc.a(_dvmd_tls.o)
 .data          0x00000000        0x0 c:/program files/gnu tools arm embedded/4.7 2013q2/bin/../lib/gcc/arm-none-eabi/4.7.4/armv7-m\libgcc.a(_divdi3.o)
 .bss           0x00000000        0x0 c:/program files/gnu tools arm embedded/4.7 2013q2/bin/../lib/gcc/arm-none-eabi/4.7.4/armv7-m\libgcc.a(_divdi3.o)
 .ARM.extab     0x00000000        0x0 c:/program files/gnu tools arm embedded/4.7 2013q2/bin/../lib/gcc/arm-none-eabi/4.7.4/armv7-m\libgcc.a(_divdi3.o)
 .data          0x00000000        0x0 c:/program files/gnu tools arm embedded/4.7 2013q2/bin/../lib/gcc/arm-none-eabi/4.7.4/armv7-m\libgcc.a(_udivdi3.o)
 .bss           0x00000000        0x0 c:/program files/gnu tools arm embedded/4.7 2013q2/bin/../lib/gcc/arm-none-eabi/4.7.4/armv7-m\libgcc.a(_udivdi3.o)
 .ARM.extab     0x00000000        0x0 c:/program files/gnu tools arm embedded/4.7 2013q2/bin/../lib/gcc/arm-none-eabi/4.7.4/armv7-m\libgcc.a(_udivdi3.o)

Memory Configuration

Name             Origin             Length             Attributes
rom              0x08000000         0x00020000         xr
ram              0x20000000         0x00005000         xrw
*default*        0x00000000         0xffffffff

Linker script and memory map

                0x20005000                _eram = 0x20005000

.text           0x08000000     0x7698
 *(.isr_vector)
 .isr_vector    0x08000000      0x10c ..\obj\startup_stm32f10x_md.o
                0x08000000                g_pfnVectors
 *(.text*)
 .text.HMC5883L_SetGain
                0x0800010c       0x30 ..\obj\HMC5883L.o
                0x0800010c                HMC5883L_SetGain
 .text.HMC5883L_SetMode
                0x0800013c       0x3c ..\obj\HMC5883L.o
                0x0800013c                HMC5883L_SetMode
 .text.HMC5883L_GetHeading
                0x08000178       0xac ..\obj\HMC5883L.o
                0x08000178                HMC5883L_GetHeading
 .text.HMC5883L_GetReadyStatus
                0x08000224       0x30 ..\obj\HMC5883L.o
                0x08000224                HMC5883L_GetReadyStatus
 .text.HMC5883L_ReadBit
                0x08000254       0x4c ..\obj\HMC5883L.o
                0x08000254                HMC5883L_ReadBit
 .text.HMC5883L_I2C_ByteWrite
                0x080002a0       0xe0 ..\obj\HMC5883L.o
                0x080002a0                HMC5883L_I2C_ByteWrite
 .text.HMC5883L_I2C_BufferRead
                0x08000380      0x1a0 ..\obj\HMC5883L.o
                0x08000380                HMC5883L_I2C_BufferRead
 .text.SystemInit
                0x08000520       0xa8 ..\obj\system_stm32f10x.o
                0x08000520                SystemInit
 .text.SetSysClock
                0x080005c8        0xc ..\obj\system_stm32f10x.o
 .text.SetSysClockTo72
                0x080005d4      0x1ac ..\obj\system_stm32f10x.o
 .text.Default_Reset_Handler
                0x08000780       0x70 ..\obj\startup_stm32f10x_md.o
                0x08000780                Default_Reset_Handler
                0x08000780                Reset_Handler
 .text.Default_Handler
                0x080007f0        0x8 ..\obj\startup_stm32f10x_md.o
                0x080007f0                EXTI2_IRQHandler
                0x080007f0                DebugMon_Handler
                0x080007f0                TIM1_CC_IRQHandler
                0x080007f0                HardFault_Handler
                0x080007f0                SysTick_Handler
                0x080007f0                PVD_IRQHandler
                0x080007f0                PendSV_Handler
                0x080007f0                NMI_Handler
                0x080007f0                EXTI3_IRQHandler
                0x080007f0                EXTI0_IRQHandler
                0x080007f0                I2C2_EV_IRQHandler
                0x080007f0                UsageFault_Handler
                0x080007f0                ADC1_2_IRQHandler
                0x080007f0                SPI1_IRQHandler
                0x080007f0                TAMPER_IRQHandler
                0x080007f0                DMA1_Channel4_IRQHandler
                0x080007f0                USART3_IRQHandler
                0x080007f0                RTC_IRQHandler
                0x080007f0                DMA1_Channel7_IRQHandler
                0x080007f0                CAN1_RX1_IRQHandler
                0x080007f0                TIM4_IRQHandler
                0x080007f0                I2C1_EV_IRQHandler
                0x080007f0                DMA1_Channel6_IRQHandler
                0x080007f0                TIM3_IRQHandler
                0x080007f0                RCC_IRQHandler
                0x080007f0                TIM1_TRG_COM_IRQHandler
                0x080007f0                DMA1_Channel1_IRQHandler
                0x080007f0                EXTI15_10_IRQHandler
                0x080007f0                EXTI9_5_IRQHandler
                0x080007f0                SPI2_IRQHandler
                0x080007f0                MemManage_Handler
                0x080007f0                SVC_Handler
                0x080007f0                DMA1_Channel5_IRQHandler
                0x080007f0                EXTI4_IRQHandler
                0x080007f0                USB_LP_CAN1_RX0_IRQHandler
                0x080007f0                USB_HP_CAN1_TX_IRQHandler
                0x080007f0                DMA1_Channel3_IRQHandler
                0x080007f0                TIM1_UP_IRQHandler
                0x080007f0                WWDG_IRQHandler
                0x080007f0                TIM2_IRQHandler
                0x080007f0                TIM1_BRK_IRQHandler
                0x080007f0                EXTI1_IRQHandler
                0x080007f0                RTCAlarm_IRQHandler
                0x080007f0                USART2_IRQHandler
                0x080007f0                I2C2_ER_IRQHandler
                0x080007f0                DMA1_Channel2_IRQHandler
                0x080007f0                CAN1_SCE_IRQHandler
                0x080007f0                FLASH_IRQHandler
                0x080007f0                BusFault_Handler
                0x080007f0                I2C1_ER_IRQHandler
                0x080007f0                USBWakeUp_IRQHandler
 .text.GPIO_Init
                0x080007f8      0x1b0 ..\obj\stm32f10x_gpio.o
                0x080007f8                GPIO_Init
 .text.GPIO_PinRemapConfig
                0x080009a8      0x120 ..\obj\stm32f10x_gpio.o
                0x080009a8                GPIO_PinRemapConfig
 .text.NVIC_EnableIRQ
                0x08000ac8       0x38 ..\obj\main.o
 .text.init_uart
                0x08000b00       0xc0 ..\obj\main.o
                0x08000b00                init_uart
 .text.init_i2c
                0x08000bc0       0x9c ..\obj\main.o
                0x08000bc0                init_i2c
 .text.init_hmc5883l
                0x08000c5c       0x38 ..\obj\main.o
                0x08000c5c                init_hmc5883l
 .text.print    0x08000c94       0x5c ..\obj\main.o
                0x08000c94                print
 .text.print_data
                0x08000cf0       0xe4 ..\obj\main.o
                0x08000cf0                print_data
 .text.USART1_IRQHandler
                0x08000dd4       0x34 ..\obj\main.o
                0x08000dd4                USART1_IRQHandler
 .text.main     0x08000e08       0x14 ..\obj\main.o
                0x08000e08                main
 .text.RCC_GetClocksFreq
                0x08000e1c      0x1d4 ..\obj\stm32f10x_rcc.o
                0x08000e1c                RCC_GetClocksFreq
 .text.RCC_APB2PeriphClockCmd
                0x08000ff0       0x54 ..\obj\stm32f10x_rcc.o
                0x08000ff0                RCC_APB2PeriphClockCmd
 .text.RCC_APB1PeriphClockCmd
                0x08001044       0x54 ..\obj\stm32f10x_rcc.o
                0x08001044                RCC_APB1PeriphClockCmd
 .text.USART_Init
                0x08001098      0x1ac ..\obj\stm32f10x_usart.o
                0x08001098                USART_Init
 .text.USART_Cmd
                0x08001244       0x40 ..\obj\stm32f10x_usart.o
                0x08001244                USART_Cmd
 .text.USART_ITConfig
                0x08001284       0xa4 ..\obj\stm32f10x_usart.o
                0x08001284                USART_ITConfig
 .text.USART_SendData
                0x08001328       0x28 ..\obj\stm32f10x_usart.o
                0x08001328                USART_SendData
 .text.USART_ReceiveData
                0x08001350       0x24 ..\obj\stm32f10x_usart.o
                0x08001350                USART_ReceiveData
 .text.USART_GetFlagStatus
                0x08001374       0x40 ..\obj\stm32f10x_usart.o
                0x08001374                USART_GetFlagStatus
 .text.USART_GetITStatus
                0x080013b4       0xc4 ..\obj\stm32f10x_usart.o
                0x080013b4                USART_GetITStatus
 .text._sbrk    0x08001478       0x5c ..\obj\syscalls.o
                0x08001478                _sbrk
 .text.I2C_Init
                0x080014d4      0x1ac ..\obj\stm32f10x_i2c.o
                0x080014d4                I2C_Init
 .text.I2C_Cmd  0x08001680       0x40 ..\obj\stm32f10x_i2c.o
                0x08001680                I2C_Cmd
 .text.I2C_GenerateSTART
                0x080016c0       0x40 ..\obj\stm32f10x_i2c.o
                0x080016c0                I2C_GenerateSTART
 .text.I2C_GenerateSTOP
                0x08001700       0x40 ..\obj\stm32f10x_i2c.o
                0x08001700                I2C_GenerateSTOP
 .text.I2C_AcknowledgeConfig
                0x08001740       0x40 ..\obj\stm32f10x_i2c.o
                0x08001740                I2C_AcknowledgeConfig
 .text.I2C_SendData
                0x08001780       0x20 ..\obj\stm32f10x_i2c.o
                0x08001780                I2C_SendData
 .text.I2C_ReceiveData
                0x080017a0       0x1c ..\obj\stm32f10x_i2c.o
                0x080017a0                I2C_ReceiveData
 .text.I2C_Send7bitAddress
                0x080017bc       0x3c ..\obj\stm32f10x_i2c.o
                0x080017bc                I2C_Send7bitAddress
 .text.I2C_CheckEvent
                0x080017f8       0x70 ..\obj\stm32f10x_i2c.o
                0x080017f8                I2C_CheckEvent
 .text.I2C_GetFlagStatus
                0x08001868       0x78 ..\obj\stm32f10x_i2c.o
                0x08001868                I2C_GetFlagStatus
 .text.sprintf  0x080018e0       0x50 c:/program files/gnu tools arm embedded/4.7 2013q2/bin/../lib/gcc/arm-none-eabi/4.7.4/../../../../arm-none-eabi/lib/armv7-m\libg.a(lib_a-sprintf.o)
                0x080018e0                sprintf
 .text._svfprintf_r
                0x08001930     0x1adc c:/program files/gnu tools arm embedded/4.7 2013q2/bin/../lib/gcc/arm-none-eabi/4.7.4/../../../../arm-none-eabi/lib/armv7-m\libg.a(lib_a-svfprintf.o)
                0x08001930                _svfprintf_r
 .text.quorem   0x0800340c      0x2ec c:/program files/gnu tools arm embedded/4.7 2013q2/bin/../lib/gcc/arm-none-eabi/4.7.4/../../../../arm-none-eabi/lib/armv7-m\libg.a(lib_a-dtoa.o)
 .text._dtoa_r  0x080036f8     0x11f8 c:/program files/gnu tools arm embedded/4.7 2013q2/bin/../lib/gcc/arm-none-eabi/4.7.4/../../../../arm-none-eabi/lib/armv7-m\libg.a(lib_a-dtoa.o)
                0x080036f8                _dtoa_r
 .text._localeconv_r
                0x080048f0        0xc c:/program files/gnu tools arm embedded/4.7 2013q2/bin/../lib/gcc/arm-none-eabi/4.7.4/../../../../arm-none-eabi/lib/armv7-m\libg.a(lib_a-locale.o)
                0x080048f0                _localeconv_r
 .text._malloc_r
                0x080048fc      0x530 c:/program files/gnu tools arm embedded/4.7 2013q2/bin/../lib/gcc/arm-none-eabi/4.7.4/../../../../arm-none-eabi/lib/armv7-m\libg.a(lib_a-mallocr.o)
                0x080048fc                _malloc_r
 .text.memchr   0x08004e2c      0x140 c:/program files/gnu tools arm embedded/4.7 2013q2/bin/../lib/gcc/arm-none-eabi/4.7.4/../../../../arm-none-eabi/lib/armv7-m\libg.a(lib_a-memchr.o)
                0x08004e2c                memchr
 .text.memcpy   0x08004f6c      0x15c c:/program files/gnu tools arm embedded/4.7 2013q2/bin/../lib/gcc/arm-none-eabi/4.7.4/../../../../arm-none-eabi/lib/armv7-m\libg.a(lib_a-memcpy.o)
                0x08004f6c                memcpy
 .text.__malloc_lock
                0x080050c8        0x4 c:/program files/gnu tools arm embedded/4.7 2013q2/bin/../lib/gcc/arm-none-eabi/4.7.4/../../../../arm-none-eabi/lib/armv7-m\libg.a(lib_a-mlock.o)
                0x080050c8                __malloc_lock
 .text.__malloc_unlock
                0x080050cc        0x4 c:/program files/gnu tools arm embedded/4.7 2013q2/bin/../lib/gcc/arm-none-eabi/4.7.4/../../../../arm-none-eabi/lib/armv7-m\libg.a(lib_a-mlock.o)
                0x080050cc                __malloc_unlock
 .text._Balloc  0x080050d0       0x4c c:/program files/gnu tools arm embedded/4.7 2013q2/bin/../lib/gcc/arm-none-eabi/4.7.4/../../../../arm-none-eabi/lib/armv7-m\libg.a(lib_a-mprec.o)
                0x080050d0                _Balloc
 .text._Bfree   0x0800511c       0x14 c:/program files/gnu tools arm embedded/4.7 2013q2/bin/../lib/gcc/arm-none-eabi/4.7.4/../../../../arm-none-eabi/lib/armv7-m\libg.a(lib_a-mprec.o)
                0x0800511c                _Bfree
 .text.__multadd
                0x08005130       0xfc c:/program files/gnu tools arm embedded/4.7 2013q2/bin/../lib/gcc/arm-none-eabi/4.7.4/../../../../arm-none-eabi/lib/armv7-m\libg.a(lib_a-mprec.o)
                0x08005130                __multadd
 .text.__hi0bits
                0x0800522c       0x3c c:/program files/gnu tools arm embedded/4.7 2013q2/bin/../lib/gcc/arm-none-eabi/4.7.4/../../../../arm-none-eabi/lib/armv7-m\libg.a(lib_a-mprec.o)
                0x0800522c                __hi0bits
 .text.__lo0bits
                0x08005268       0x5c c:/program files/gnu tools arm embedded/4.7 2013q2/bin/../lib/gcc/arm-none-eabi/4.7.4/../../../../arm-none-eabi/lib/armv7-m\libg.a(lib_a-mprec.o)
                0x08005268                __lo0bits
 .text.__i2b    0x080052c4       0x14 c:/program files/gnu tools arm embedded/4.7 2013q2/bin/../lib/gcc/arm-none-eabi/4.7.4/../../../../arm-none-eabi/lib/armv7-m\libg.a(lib_a-mprec.o)
                0x080052c4                __i2b
 .text.__multiply
                0x080052d8      0x2d0 c:/program files/gnu tools arm embedded/4.7 2013q2/bin/../lib/gcc/arm-none-eabi/4.7.4/../../../../arm-none-eabi/lib/armv7-m\libg.a(lib_a-mprec.o)
                0x080052d8                __multiply
 .text.__pow5mult
                0x080055a8       0x94 c:/program files/gnu tools arm embedded/4.7 2013q2/bin/../lib/gcc/arm-none-eabi/4.7.4/../../../../arm-none-eabi/lib/armv7-m\libg.a(lib_a-mprec.o)
                0x080055a8                __pow5mult
 .text.__lshift
                0x0800563c      0x16c c:/program files/gnu tools arm embedded/4.7 2013q2/bin/../lib/gcc/arm-none-eabi/4.7.4/../../../../arm-none-eabi/lib/armv7-m\libg.a(lib_a-mprec.o)
                0x0800563c                __lshift
 .text.__mcmp   0x080057a8       0x5c c:/program files/gnu tools arm embedded/4.7 2013q2/bin/../lib/gcc/arm-none-eabi/4.7.4/../../../../arm-none-eabi/lib/armv7-m\libg.a(lib_a-mprec.o)
                0x080057a8                __mcmp
 .text.__mdiff  0x08005804      0x218 c:/program files/gnu tools arm embedded/4.7 2013q2/bin/../lib/gcc/arm-none-eabi/4.7.4/../../../../arm-none-eabi/lib/armv7-m\libg.a(lib_a-mprec.o)
                0x08005804                __mdiff
 .text.__d2b    0x08005a1c       0xc0 c:/program files/gnu tools arm embedded/4.7 2013q2/bin/../lib/gcc/arm-none-eabi/4.7.4/../../../../arm-none-eabi/lib/armv7-m\libg.a(lib_a-mprec.o)
                0x08005a1c                __d2b
 .text.__fpclassifyd
                0x08005adc       0x68 c:/program files/gnu tools arm embedded/4.7 2013q2/bin/../lib/gcc/arm-none-eabi/4.7.4/../../../../arm-none-eabi/lib/armv7-m\libg.a(lib_a-s_fpclassify.o)
                0x08005adc                __fpclassifyd
 .text._sbrk_r  0x08005b44       0x24 c:/program files/gnu tools arm embedded/4.7 2013q2/bin/../lib/gcc/arm-none-eabi/4.7.4/../../../../arm-none-eabi/lib/armv7-m\libg.a(lib_a-sbrkr.o)
                0x08005b44                _sbrk_r
 .text.strlen   0x08005b68       0x60 c:/program files/gnu tools arm embedded/4.7 2013q2/bin/../lib/gcc/arm-none-eabi/4.7.4/../../../../arm-none-eabi/lib/armv7-m\libg.a(lib_a-strlen.o)
                0x08005b68                strlen
 .text.__ssprint_r
                0x08005bc8      0x100 c:/program files/gnu tools arm embedded/4.7 2013q2/bin/../lib/gcc/arm-none-eabi/4.7.4/../../../../arm-none-eabi/lib/armv7-m\libg.a(lib_a-svfiprintf.o)
                0x08005bc8                __ssprint_r
 .text._calloc_r
                0x08005cc8       0x60 c:/program files/gnu tools arm embedded/4.7 2013q2/bin/../lib/gcc/arm-none-eabi/4.7.4/../../../../arm-none-eabi/lib/armv7-m\libg.a(lib_a-callocr.o)
                0x08005cc8                _calloc_r
 .text._malloc_trim_r
                0x08005d28       0x98 c:/program files/gnu tools arm embedded/4.7 2013q2/bin/../lib/gcc/arm-none-eabi/4.7.4/../../../../arm-none-eabi/lib/armv7-m\libg.a(lib_a-freer.o)
                0x08005d28                _malloc_trim_r
 .text._free_r  0x08005dc0      0x194 c:/program files/gnu tools arm embedded/4.7 2013q2/bin/../lib/gcc/arm-none-eabi/4.7.4/../../../../arm-none-eabi/lib/armv7-m\libg.a(lib_a-freer.o)
                0x08005dc0                _free_r
 .text.memmove  0x08005f54      0x1b0 c:/program files/gnu tools arm embedded/4.7 2013q2/bin/../lib/gcc/arm-none-eabi/4.7.4/../../../../arm-none-eabi/lib/armv7-m\libg.a(lib_a-memmove.o)
                0x08005f54                memmove
 .text.memset   0x08006104      0x12c c:/program files/gnu tools arm embedded/4.7 2013q2/bin/../lib/gcc/arm-none-eabi/4.7.4/../../../../arm-none-eabi/lib/armv7-m\libg.a(lib_a-memset.o)
                0x08006104                memset
 .text._realloc_r
                0x08006230      0x3ec c:/program files/gnu tools arm embedded/4.7 2013q2/bin/../lib/gcc/arm-none-eabi/4.7.4/../../../../arm-none-eabi/lib/armv7-m\libg.a(lib_a-reallocr.o)
                0x08006230                _realloc_r
 .text          0x0800661c      0x370 c:/program files/gnu tools arm embedded/4.7 2013q2/bin/../lib/gcc/arm-none-eabi/4.7.4/armv7-m\libgcc.a(_arm_addsubdf3.o)
                0x0800661c                __aeabi_drsub
                0x08006624                __aeabi_dsub
                0x08006624                __subdf3
                0x08006628                __aeabi_dadd
                0x08006628                __adddf3
                0x080068a0                __floatunsidf
                0x080068a0                __aeabi_ui2d
                0x080068c0                __floatsidf
                0x080068c0                __aeabi_i2d
                0x080068e4                __aeabi_f2d
                0x080068e4                __extendsfdf2
                0x08006920                __floatundidf
                0x08006920                __aeabi_ul2d
                0x08006930                __floatdidf
                0x08006930                __aeabi_l2d
 .text          0x0800698c      0x424 c:/program files/gnu tools arm embedded/4.7 2013q2/bin/../lib/gcc/arm-none-eabi/4.7.4/armv7-m\libgcc.a(_arm_muldivdf3.o)
                0x0800698c                __aeabi_dmul
                0x0800698c                __muldf3
                0x08006be0                __divdf3
                0x08006be0                __aeabi_ddiv
 .text          0x08006db0      0x110 c:/program files/gnu tools arm embedded/4.7 2013q2/bin/../lib/gcc/arm-none-eabi/4.7.4/armv7-m\libgcc.a(_arm_cmpdf2.o)
                0x08006db0                __gtdf2
                0x08006db0                __gedf2
                0x08006db8                __ltdf2
                0x08006db8                __ledf2
                0x08006dc0                __nedf2
                0x08006dc0                __eqdf2
                0x08006dc0                __cmpdf2
                0x08006e3c                __aeabi_cdrcmple
                0x08006e4c                __aeabi_cdcmpeq
                0x08006e4c                __aeabi_cdcmple
                0x08006e5c                __aeabi_dcmpeq
                0x08006e70                __aeabi_dcmplt
                0x08006e84                __aeabi_dcmple
                0x08006e98                __aeabi_dcmpge
                0x08006eac                __aeabi_dcmpgt
 .text          0x08006ec0       0x50 c:/program files/gnu tools arm embedded/4.7 2013q2/bin/../lib/gcc/arm-none-eabi/4.7.4/armv7-m\libgcc.a(_arm_fixdfsi.o)
                0x08006ec0                __aeabi_d2iz
                0x08006ec0                __fixdfsi
 .text          0x08006f10       0x2c c:/program files/gnu tools arm embedded/4.7 2013q2/bin/../lib/gcc/arm-none-eabi/4.7.4/armv7-m\libgcc.a(_aeabi_uldivmod.o)
                0x08006f10                __aeabi_uldivmod
 .text          0x08006f3c       0x60 c:/program files/gnu tools arm embedded/4.7 2013q2/bin/../lib/gcc/arm-none-eabi/4.7.4/armv7-m\libgcc.a(bpabi.o)
                0x08006f3c                __gnu_ldivmod_helper
                0x08006f6c                __gnu_uldivmod_helper
 .text          0x08006f9c        0x4 c:/program files/gnu tools arm embedded/4.7 2013q2/bin/../lib/gcc/arm-none-eabi/4.7.4/armv7-m\libgcc.a(_dvmd_tls.o)
                0x08006f9c                __aeabi_idiv0
                0x08006f9c                __aeabi_ldiv0
 .text          0x08006fa0      0x2bc c:/program files/gnu tools arm embedded/4.7 2013q2/bin/../lib/gcc/arm-none-eabi/4.7.4/armv7-m\libgcc.a(_divdi3.o)
                0x08006fa0                __divdi3
 .text          0x0800725c      0x28c c:/program files/gnu tools arm embedded/4.7 2013q2/bin/../lib/gcc/arm-none-eabi/4.7.4/armv7-m\libgcc.a(_udivdi3.o)
                0x0800725c                __udivdi3
 *(.init)
 *(.fini)
 *crtbegin.o(.ctors)
 *crtbegin?.o(.ctors)
 *(EXCLUDE_FILE(*crtend.o *crtend?.o) .ctors)
 *(SORT(.ctors.*))
 *(.ctors)
 *crtbegin.o(.dtors)
 *crtbegin?.o(.dtors)
 *(EXCLUDE_FILE(*crtend.o *crtend?.o) .dtors)
 *(SORT(.dtors.*))
 *(.dtors)
 *(.rodata*)
 .rodata        0x080074e8       0x2c ..\obj\main.o
 .rodata.str1.4
                0x08007514       0x42 c:/program files/gnu tools arm embedded/4.7 2013q2/bin/../lib/gcc/arm-none-eabi/4.7.4/../../../../arm-none-eabi/lib/armv7-m\libg.a(lib_a-svfprintf.o)
                                 0x44 (size before relaxing)
 *fill*         0x08007556        0x2 00
 .rodata.zeroes.6721
                0x08007558       0x10 c:/program files/gnu tools arm embedded/4.7 2013q2/bin/../lib/gcc/arm-none-eabi/4.7.4/../../../../arm-none-eabi/lib/armv7-m\libg.a(lib_a-svfprintf.o)
 .rodata.blanks.6720
                0x08007568       0x10 c:/program files/gnu tools arm embedded/4.7 2013q2/bin/../lib/gcc/arm-none-eabi/4.7.4/../../../../arm-none-eabi/lib/armv7-m\libg.a(lib_a-svfprintf.o)
 .rodata.str1.4
                0x08007578       0x10 c:/program files/gnu tools arm embedded/4.7 2013q2/bin/../lib/gcc/arm-none-eabi/4.7.4/../../../../arm-none-eabi/lib/armv7-m\libg.a(lib_a-dtoa.o)
                                 0x14 (size before relaxing)
 .rodata.str1.4
                0x08007588        0x2 c:/program files/gnu tools arm embedded/4.7 2013q2/bin/../lib/gcc/arm-none-eabi/4.7.4/../../../../arm-none-eabi/lib/armv7-m\libg.a(lib_a-impure.o)
                                  0x4 (size before relaxing)
 *fill*         0x0800758a        0x2 00
 .rodata.str1.4
                0x0800758c        0xc c:/program files/gnu tools arm embedded/4.7 2013q2/bin/../lib/gcc/arm-none-eabi/4.7.4/../../../../arm-none-eabi/lib/armv7-m\libg.a(lib_a-locale.o)
                                 0x14 (size before relaxing)
 .rodata.p05.5242
                0x08007598        0xc c:/program files/gnu tools arm embedded/4.7 2013q2/bin/../lib/gcc/arm-none-eabi/4.7.4/../../../../arm-none-eabi/lib/armv7-m\libg.a(lib_a-mprec.o)
 *fill*         0x080075a4        0x4 00
 .rodata.__mprec_tens
                0x080075a8       0xc8 c:/program files/gnu tools arm embedded/4.7 2013q2/bin/../lib/gcc/arm-none-eabi/4.7.4/../../../../arm-none-eabi/lib/armv7-m\libg.a(lib_a-mprec.o)
                0x080075a8                __mprec_tens
 .rodata.__mprec_bigtens
                0x08007670       0x28 c:/program files/gnu tools arm embedded/4.7 2013q2/bin/../lib/gcc/arm-none-eabi/4.7.4/../../../../arm-none-eabi/lib/armv7-m\libg.a(lib_a-mprec.o)
                0x08007670                __mprec_bigtens
 *(.eh_fram e*)

.glue_7         0x08007698        0x0
 .glue_7        0x00000000        0x0 linker stubs

.glue_7t        0x08007698        0x0
 .glue_7t       0x00000000        0x0 linker stubs

.vfp11_veneer   0x08007698        0x0
 .vfp11_veneer  0x00000000        0x0 linker stubs

.v4_bx          0x08007698        0x0
 .v4_bx         0x00000000        0x0 linker stubs

.iplt           0x08007698        0x0
 .iplt          0x00000000        0x0 ..\obj\HMC5883L.o

.ARM.extab
 *(.ARM.extab* .gnu.linkonce.armextab.*)
                0x08007698                __exidx_start = .

.ARM.exidx      0x08007698        0x8
 *(.ARM.exidx* .gnu.linkonce.armexidx.*)
 .ARM.exidx     0x08007698        0x8 c:/program files/gnu tools arm embedded/4.7 2013q2/bin/../lib/gcc/arm-none-eabi/4.7.4/armv7-m\libgcc.a(_divdi3.o)
 .ARM.exidx     0x080076a0        0x0 c:/program files/gnu tools arm embedded/4.7 2013q2/bin/../lib/gcc/arm-none-eabi/4.7.4/armv7-m\libgcc.a(_udivdi3.o)
                                  0x8 (size before relaxing)
                0x080076a0                __exidx_end = .
                0x080076a0                __etext = .
                0x080076a0                _sidata = __etext

.rel.dyn        0x080076a0        0x0
 .rel.iplt      0x00000000        0x0 ..\obj\HMC5883L.o

.data           0x20000000      0x88c load address 0x080076a0
                0x20000000                __data_start__ = .
                0x20000000                _sdata = __data_start__
 *(vtable)
 *(.data*)
 .data          0x20000000       0x14 ..\obj\stm32f10x_rcc.o
 *fill*         0x20000014        0x4 00
 .data.impure_data
                0x20000018      0x428 c:/program files/gnu tools arm embedded/4.7 2013q2/bin/../lib/gcc/arm-none-eabi/4.7.4/../../../../arm-none-eabi/lib/armv7-m\libg.a(lib_a-impure.o)
 .data._impure_ptr
                0x20000440        0x4 c:/program files/gnu tools arm embedded/4.7 2013q2/bin/../lib/gcc/arm-none-eabi/4.7.4/../../../../arm-none-eabi/lib/armv7-m\libg.a(lib_a-impure.o)
                0x20000440                _impure_ptr
 .data.lconv    0x20000444       0x38 c:/program files/gnu tools arm embedded/4.7 2013q2/bin/../lib/gcc/arm-none-eabi/4.7.4/../../../../arm-none-eabi/lib/armv7-m\libg.a(lib_a-locale.o)
 .data.__malloc_av_
                0x2000047c      0x408 c:/program files/gnu tools arm embedded/4.7 2013q2/bin/../lib/gcc/arm-none-eabi/4.7.4/../../../../arm-none-eabi/lib/armv7-m\libg.a(lib_a-mallocr.o)
                0x2000047c                __malloc_av_
 .data.__malloc_trim_threshold
                0x20000884        0x4 c:/program files/gnu tools arm embedded/4.7 2013q2/bin/../lib/gcc/arm-none-eabi/4.7.4/../../../../arm-none-eabi/lib/armv7-m\libg.a(lib_a-mallocr.o)
                0x20000884                __malloc_trim_threshold
 .data.__malloc_sbrk_base
                0x20000888        0x4 c:/program files/gnu tools arm embedded/4.7 2013q2/bin/../lib/gcc/arm-none-eabi/4.7.4/../../../../arm-none-eabi/lib/armv7-m\libg.a(lib_a-mallocr.o)
                0x20000888                __malloc_sbrk_base
                0x2000088c                . = ALIGN (0x4)
                0x2000088c                PROVIDE (__preinit_array_start, .)
 *(.preinit_array)
                0x2000088c                PROVIDE (__preinit_array_end, .)
                0x2000088c                . = ALIGN (0x4)
                0x2000088c                PROVIDE (__init_array_start, .)
 *(SORT(.init_array.*))
 *(.init_array)
                0x2000088c                PROVIDE (__init_array_end, .)
                0x2000088c                . = ALIGN (0x4)
                0x2000088c                PROVIDE (__fini_array_start, .)
 *(SORT(.fini_array.*))
 *(.fini_array)
                0x2000088c                PROVIDE (__fini_array_end, .)
 *(.jcr*)
                0x2000088c                . = ALIGN (0x4)
                0x2000088c                __data_end__ = .
                0x2000088c                _edata = __data_end__

.igot.plt       0x2000088c        0x0 load address 0x08007f2c
 .igot.plt      0x00000000        0x0 ..\obj\HMC5883L.o

.bss            0x2000088c       0x78 load address 0x08007f2c
                0x2000088c                . = ALIGN (0x4)
                0x2000088c                __bss_start__ = .
                0x2000088c                _sbss = __bss_start__
 *(.bss*)
 .bss           0x2000088c       0x10 ..\obj\main.o
                0x2000088c                coordinates
 .bss           0x2000089c        0x4 ..\obj\syscalls.o
 .bss.__malloc_max_total_mem
                0x200008a0        0x4 c:/program files/gnu tools arm embedded/4.7 2013q2/bin/../lib/gcc/arm-none-eabi/4.7.4/../../../../arm-none-eabi/lib/armv7-m\libg.a(lib_a-mallocr.o)
                0x200008a0                __malloc_max_total_mem
 .bss.__malloc_max_sbrked_mem
                0x200008a4        0x4 c:/program files/gnu tools arm embedded/4.7 2013q2/bin/../lib/gcc/arm-none-eabi/4.7.4/../../../../arm-none-eabi/lib/armv7-m\libg.a(lib_a-mallocr.o)
                0x200008a4                __malloc_max_sbrked_mem
 .bss.__malloc_top_pad
                0x200008a8        0x4 c:/program files/gnu tools arm embedded/4.7 2013q2/bin/../lib/gcc/arm-none-eabi/4.7.4/../../../../arm-none-eabi/lib/armv7-m\libg.a(lib_a-mallocr.o)
                0x200008a8                __malloc_top_pad
 .bss.__malloc_current_mallinfo
                0x200008ac       0x28 c:/program files/gnu tools arm embedded/4.7 2013q2/bin/../lib/gcc/arm-none-eabi/4.7.4/../../../../arm-none-eabi/lib/armv7-m\libg.a(lib_a-mallocr.o)
                0x200008ac                __malloc_current_mallinfo
 *(COMMON)
 COMMON         0x200008d4        0x1 ..\obj\HMC5883L.o
                0x200008d4                HMC5883Lmode
 *fill*         0x200008d5        0x3 00
 COMMON         0x200008d8       0x28 ..\obj\main.o
                0x200008d8                buffer
 COMMON         0x20000900        0x4 c:/program files/gnu tools arm embedded/4.7 2013q2/bin/../lib/gcc/arm-none-eabi/4.7.4/../../../../arm-none-eabi/lib/armv7-m\libg.a(lib_a-reent.o)
                0x20000900                errno
                0x20000904                . = ALIGN (0x4)
                0x20000904                __bss_end__ = .
                0x20000904                _ebss = __bss_end__

.heap           0x20000904        0x0
                0x20000904                __end__ = .
                0x20000904                _end = __end__
                0x20000904                end = __end__
 *(.heap*)
                0x20000904                __HeapLimit = .

.co_stack       0x20000904      0x404 load address 0x08007fa4
                0x20000908                . = ALIGN (0x8)
 *fill*         0x20000904        0x4 00
 *(.co_stack .co_stack.*)
 .co_stack      0x20000908      0x400 ..\obj\startup_stm32f10x_md.o
                0x20000908                pulStack
                0x20005000                __StackTop = (ORIGIN (ram) + 0x5000)
                0x20004bfc                __StackLimit = (__StackTop - SIZEOF (.co_stack))
                0x20005000                PROVIDE (__stack, __StackTop)
                0x00000001                ASSERT ((__StackLimit >= __HeapLimit), region ram  overflowed with stack)
LOAD ..\obj\HMC5883L.o
LOAD ..\obj\system_stm32f10x.o
LOAD ..\obj\startup_stm32f10x_md.o
LOAD ..\obj\stm32f10x_gpio.o
LOAD ..\obj\main.o
LOAD ..\obj\stm32f10x_rcc.o
LOAD ..\obj\stm32f10x_usart.o
LOAD ..\obj\syscalls.o
LOAD ..\obj\stm32f10x_i2c.o
START GROUP
LOAD c:/program files/gnu tools arm embedded/4.7 2013q2/bin/../lib/gcc/arm-none-eabi/4.7.4/armv7-m\libgcc.a
LOAD c:/program files/gnu tools arm embedded/4.7 2013q2/bin/../lib/gcc/arm-none-eabi/4.7.4/../../../../arm-none-eabi/lib/armv7-m\libg.a
LOAD c:/program files/gnu tools arm embedded/4.7 2013q2/bin/../lib/gcc/arm-none-eabi/4.7.4/../../../../arm-none-eabi/lib/armv7-m\libc.a
END GROUP
OUTPUT(Compass.elf elf32-littlearm)

.debug_info     0x00000000     0x434e
 .debug_info    0x00000000      0x988 ..\obj\HMC5883L.o
 .debug_info    0x00000988      0x4b8 ..\obj\system_stm32f10x.o
 .debug_info    0x00000e40       0xff ..\obj\startup_stm32f10x_md.o
 .debug_info    0x00000f3f      0x739 ..\obj\stm32f10x_gpio.o
 .debug_info    0x00001678      0x928 ..\obj\main.o
 .debug_info    0x00001fa0      0x925 ..\obj\stm32f10x_rcc.o
 .debug_info    0x000028c5      0xa8d ..\obj\stm32f10x_usart.o
 .debug_info    0x00003352      0x443 ..\obj\syscalls.o
 .debug_info    0x00003795      0xbb9 ..\obj\stm32f10x_i2c.o

.debug_abbrev   0x00000000      0xcfb
 .debug_abbrev  0x00000000      0x1fa ..\obj\HMC5883L.o
 .debug_abbrev  0x000001fa      0x14e ..\obj\system_stm32f10x.o
 .debug_abbrev  0x00000348       0xa9 ..\obj\startup_stm32f10x_md.o
 .debug_abbrev  0x000003f1      0x1ca ..\obj\stm32f10x_gpio.o
 .debug_abbrev  0x000005bb      0x1d6 ..\obj\main.o
 .debug_abbrev  0x00000791      0x1bc ..\obj\stm32f10x_rcc.o
 .debug_abbrev  0x0000094d      0x164 ..\obj\stm32f10x_usart.o
 .debug_abbrev  0x00000ab1       0xe4 ..\obj\syscalls.o
 .debug_abbrev  0x00000b95      0x166 ..\obj\stm32f10x_i2c.o

.debug_loc      0x00000000     0x21d4
 .debug_loc     0x00000000      0x4d0 ..\obj\HMC5883L.o
 .debug_loc     0x000004d0       0xc8 ..\obj\system_stm32f10x.o
 .debug_loc     0x00000598       0x64 ..\obj\startup_stm32f10x_md.o
 .debug_loc     0x000005fc      0x3e4 ..\obj\stm32f10x_gpio.o
 .debug_loc     0x000009e0      0x19c ..\obj\main.o
 .debug_loc     0x00000b7c      0x6dc ..\obj\stm32f10x_rcc.o
 .debug_loc     0x00001258      0x658 ..\obj\stm32f10x_usart.o
 .debug_loc     0x000018b0      0x1ec ..\obj\syscalls.o
 .debug_loc     0x00001a9c      0x738 ..\obj\stm32f10x_i2c.o

.debug_aranges  0x00000000      0x5c0
 .debug_aranges
                0x00000000       0xc8 ..\obj\HMC5883L.o
 .debug_aranges
                0x000000c8       0x38 ..\obj\system_stm32f10x.o
 .debug_aranges
                0x00000100       0x28 ..\obj\startup_stm32f10x_md.o
 .debug_aranges
                0x00000128       0xa8 ..\obj\stm32f10x_gpio.o
 .debug_aranges
                0x000001d0       0x58 ..\obj\main.o
 .debug_aranges
                0x00000228      0x118 ..\obj\stm32f10x_rcc.o
 .debug_aranges
                0x00000340      0x100 ..\obj\stm32f10x_usart.o
 .debug_aranges
                0x00000440       0x60 ..\obj\syscalls.o
 .debug_aranges
                0x000004a0      0x120 ..\obj\stm32f10x_i2c.o

.debug_ranges   0x00000000      0x530
 .debug_ranges  0x00000000       0xb8 ..\obj\HMC5883L.o
 .debug_ranges  0x000000b8       0x28 ..\obj\system_stm32f10x.o
 .debug_ranges  0x000000e0       0x18 ..\obj\startup_stm32f10x_md.o
 .debug_ranges  0x000000f8       0x98 ..\obj\stm32f10x_gpio.o
 .debug_ranges  0x00000190       0x48 ..\obj\main.o
 .debug_ranges  0x000001d8      0x108 ..\obj\stm32f10x_rcc.o
 .debug_ranges  0x000002e0       0xf0 ..\obj\stm32f10x_usart.o
 .debug_ranges  0x000003d0       0x50 ..\obj\syscalls.o
 .debug_ranges  0x00000420      0x110 ..\obj\stm32f10x_i2c.o

.debug_line     0x00000000     0x1930
 .debug_line    0x00000000      0x3b9 ..\obj\HMC5883L.o
 .debug_line    0x000003b9      0x1ac ..\obj\system_stm32f10x.o
 .debug_line    0x00000565       0x8d ..\obj\startup_stm32f10x_md.o
 .debug_line    0x000005f2      0x312 ..\obj\stm32f10x_gpio.o
 .debug_line    0x00000904      0x24b ..\obj\main.o
 .debug_line    0x00000b4f      0x420 ..\obj\stm32f10x_rcc.o
 .debug_line    0x00000f6f      0x3fe ..\obj\stm32f10x_usart.o
 .debug_line    0x0000136d      0x189 ..\obj\syscalls.o
 .debug_line    0x000014f6      0x43a ..\obj\stm32f10x_i2c.o

.debug_str      0x00000000     0x1a05
 .debug_str     0x00000000      0x575 ..\obj\HMC5883L.o
                                0x5c3 (size before relaxing)
 .debug_str     0x00000575      0x15d ..\obj\system_stm32f10x.o
                                0x285 (size before relaxing)
 .debug_str     0x000006d2       0x9b ..\obj\startup_stm32f10x_md.o
                                 0xff (size before relaxing)
 .debug_str     0x0000076d      0x274 ..\obj\stm32f10x_gpio.o
                                0x4af (size before relaxing)
 .debug_str     0x000009e1      0x444 ..\obj\main.o
                                0x795 (size before relaxing)
 .debug_str     0x00000e25      0x3d3 ..\obj\stm32f10x_rcc.o
                                0x5b0 (size before relaxing)
 .debug_str     0x000011f8      0x394 ..\obj\stm32f10x_usart.o
                                0x626 (size before relaxing)
 .debug_str     0x0000158c      0x14b ..\obj\syscalls.o
                                0x26f (size before relaxing)
 .debug_str     0x000016d7      0x32e ..\obj\stm32f10x_i2c.o
                                0x5fc (size before relaxing)

.comment        0x00000000       0x70
 .comment       0x00000000       0x70 ..\obj\HMC5883L.o
                                 0x71 (size before relaxing)
 .comment       0x00000000       0x71 ..\obj\system_stm32f10x.o
 .comment       0x00000000       0x71 ..\obj\startup_stm32f10x_md.o
 .comment       0x00000000       0x71 ..\obj\stm32f10x_gpio.o
 .comment       0x00000000       0x71 ..\obj\main.o
 .comment       0x00000000       0x71 ..\obj\stm32f10x_rcc.o
 .comment       0x00000000       0x71 ..\obj\stm32f10x_usart.o
 .comment       0x00000000       0x71 ..\obj\syscalls.o
 .comment       0x00000000       0x71 ..\obj\stm32f10x_i2c.o

.ARM.attributes
                0x00000000       0x33
 .ARM.attributes
                0x00000000       0x33 ..\obj\HMC5883L.o
 .ARM.attributes
                0x00000033       0x33 ..\obj\system_stm32f10x.o
 .ARM.attributes
                0x00000066       0x33 ..\obj\startup_stm32f10x_md.o
 .ARM.attributes
                0x00000099       0x33 ..\obj\stm32f10x_gpio.o
 .ARM.attributes
                0x000000cc       0x33 ..\obj\main.o
 .ARM.attributes
                0x000000ff       0x33 ..\obj\stm32f10x_rcc.o
 .ARM.attributes
                0x00000132       0x33 ..\obj\stm32f10x_usart.o
 .ARM.attributes
                0x00000165       0x33 ..\obj\syscalls.o
 .ARM.attributes
                0x00000198       0x33 ..\obj\stm32f10x_i2c.o
 .ARM.attributes
                0x000001cb       0x2d c:/program files/gnu tools arm embedded/4.7 2013q2/bin/../lib/gcc/arm-none-eabi/4.7.4/../../../../arm-none-eabi/lib/armv7-m\libg.a(lib_a-sprintf.o)
 .ARM.attributes
                0x000001f8       0x2d c:/program files/gnu tools arm embedded/4.7 2013q2/bin/../lib/gcc/arm-none-eabi/4.7.4/../../../../arm-none-eabi/lib/armv7-m\libg.a(lib_a-svfprintf.o)
 .ARM.attributes
                0x00000225       0x2d c:/program files/gnu tools arm embedded/4.7 2013q2/bin/../lib/gcc/arm-none-eabi/4.7.4/../../../../arm-none-eabi/lib/armv7-m\libg.a(lib_a-dtoa.o)
 .ARM.attributes
                0x00000252       0x2d c:/program files/gnu tools arm embedded/4.7 2013q2/bin/../lib/gcc/arm-none-eabi/4.7.4/../../../../arm-none-eabi/lib/armv7-m\libg.a(lib_a-impure.o)
 .ARM.attributes
                0x0000027f       0x2d c:/program files/gnu tools arm embedded/4.7 2013q2/bin/../lib/gcc/arm-none-eabi/4.7.4/../../../../arm-none-eabi/lib/armv7-m\libg.a(lib_a-locale.o)
 .ARM.attributes
                0x000002ac       0x2d c:/program files/gnu tools arm embedded/4.7 2013q2/bin/../lib/gcc/arm-none-eabi/4.7.4/../../../../arm-none-eabi/lib/armv7-m\libg.a(lib_a-mallocr.o)
 .ARM.attributes
                0x000002d9       0x2d c:/program files/gnu tools arm embedded/4.7 2013q2/bin/../lib/gcc/arm-none-eabi/4.7.4/../../../../arm-none-eabi/lib/armv7-m\libg.a(lib_a-memchr.o)
 .ARM.attributes
                0x00000306       0x2d c:/program files/gnu tools arm embedded/4.7 2013q2/bin/../lib/gcc/arm-none-eabi/4.7.4/../../../../arm-none-eabi/lib/armv7-m\libg.a(lib_a-memcpy.o)
 .ARM.attributes
                0x00000333       0x2d c:/program files/gnu tools arm embedded/4.7 2013q2/bin/../lib/gcc/arm-none-eabi/4.7.4/../../../../arm-none-eabi/lib/armv7-m\libg.a(lib_a-mlock.o)
 .ARM.attributes
                0x00000360       0x2d c:/program files/gnu tools arm embedded/4.7 2013q2/bin/../lib/gcc/arm-none-eabi/4.7.4/../../../../arm-none-eabi/lib/armv7-m\libg.a(lib_a-mprec.o)
 .ARM.attributes
                0x0000038d       0x2d c:/program files/gnu tools arm embedded/4.7 2013q2/bin/../lib/gcc/arm-none-eabi/4.7.4/../../../../arm-none-eabi/lib/armv7-m\libg.a(lib_a-s_fpclassify.o)
 .ARM.attributes
                0x000003ba       0x2d c:/program files/gnu tools arm embedded/4.7 2013q2/bin/../lib/gcc/arm-none-eabi/4.7.4/../../../../arm-none-eabi/lib/armv7-m\libg.a(lib_a-sbrkr.o)
 .ARM.attributes
                0x000003e7       0x2d c:/program files/gnu tools arm embedded/4.7 2013q2/bin/../lib/gcc/arm-none-eabi/4.7.4/../../../../arm-none-eabi/lib/armv7-m\libg.a(lib_a-strlen.o)
 .ARM.attributes
                0x00000414       0x2d c:/program files/gnu tools arm embedded/4.7 2013q2/bin/../lib/gcc/arm-none-eabi/4.7.4/../../../../arm-none-eabi/lib/armv7-m\libg.a(lib_a-svfiprintf.o)
 .ARM.attributes
                0x00000441       0x2d c:/program files/gnu tools arm embedded/4.7 2013q2/bin/../lib/gcc/arm-none-eabi/4.7.4/../../../../arm-none-eabi/lib/armv7-m\libg.a(lib_a-callocr.o)
 .ARM.attributes
                0x0000046e       0x2d c:/program files/gnu tools arm embedded/4.7 2013q2/bin/../lib/gcc/arm-none-eabi/4.7.4/../../../../arm-none-eabi/lib/armv7-m\libg.a(lib_a-freer.o)
 .ARM.attributes
                0x0000049b       0x2d c:/program files/gnu tools arm embedded/4.7 2013q2/bin/../lib/gcc/arm-none-eabi/4.7.4/../../../../arm-none-eabi/lib/armv7-m\libg.a(lib_a-memmove.o)
 .ARM.attributes
                0x000004c8       0x2d c:/program files/gnu tools arm embedded/4.7 2013q2/bin/../lib/gcc/arm-none-eabi/4.7.4/../../../../arm-none-eabi/lib/armv7-m\libg.a(lib_a-memset.o)
 .ARM.attributes
                0x000004f5       0x2d c:/program files/gnu tools arm embedded/4.7 2013q2/bin/../lib/gcc/arm-none-eabi/4.7.4/../../../../arm-none-eabi/lib/armv7-m\libg.a(lib_a-reallocr.o)
 .ARM.attributes
                0x00000522       0x2d c:/program files/gnu tools arm embedded/4.7 2013q2/bin/../lib/gcc/arm-none-eabi/4.7.4/../../../../arm-none-eabi/lib/armv7-m\libg.a(lib_a-reent.o)
 .ARM.attributes
                0x0000054f       0x1d c:/program files/gnu tools arm embedded/4.7 2013q2/bin/../lib/gcc/arm-none-eabi/4.7.4/armv7-m\libgcc.a(_arm_addsubdf3.o)
 .ARM.attributes
                0x0000056c       0x1d c:/program files/gnu tools arm embedded/4.7 2013q2/bin/../lib/gcc/arm-none-eabi/4.7.4/armv7-m\libgcc.a(_arm_muldivdf3.o)
 .ARM.attributes
                0x00000589       0x1d c:/program files/gnu tools arm embedded/4.7 2013q2/bin/../lib/gcc/arm-none-eabi/4.7.4/armv7-m\libgcc.a(_arm_cmpdf2.o)
 .ARM.attributes
                0x000005a6       0x1d c:/program files/gnu tools arm embedded/4.7 2013q2/bin/../lib/gcc/arm-none-eabi/4.7.4/armv7-m\libgcc.a(_arm_fixdfsi.o)
 .ARM.attributes
                0x000005c3       0x1d c:/program files/gnu tools arm embedded/4.7 2013q2/bin/../lib/gcc/arm-none-eabi/4.7.4/armv7-m\libgcc.a(_aeabi_uldivmod.o)
 .ARM.attributes
                0x000005e0       0x2d c:/program files/gnu tools arm embedded/4.7 2013q2/bin/../lib/gcc/arm-none-eabi/4.7.4/armv7-m\libgcc.a(bpabi.o)
 .ARM.attributes
                0x0000060d       0x1d c:/program files/gnu tools arm embedded/4.7 2013q2/bin/../lib/gcc/arm-none-eabi/4.7.4/armv7-m\libgcc.a(_dvmd_tls.o)
 .ARM.attributes
                0x0000062a       0x2d c:/program files/gnu tools arm embedded/4.7 2013q2/bin/../lib/gcc/arm-none-eabi/4.7.4/armv7-m\libgcc.a(_divdi3.o)
 .ARM.attributes
                0x00000657       0x2d c:/program files/gnu tools arm embedded/4.7 2013q2/bin/../lib/gcc/arm-none-eabi/4.7.4/armv7-m\libgcc.a(_udivdi3.o)

.debug_frame    0x00000000     0x19d0
 .debug_frame   0x00000000      0x2d0 ..\obj\HMC5883L.o
 .debug_frame   0x000002d0       0x80 ..\obj\system_stm32f10x.o
 .debug_frame   0x00000350       0x48 ..\obj\startup_stm32f10x_md.o
 .debug_frame   0x00000398      0x210 ..\obj\stm32f10x_gpio.o
 .debug_frame   0x000005a8      0x100 ..\obj\main.o
 .debug_frame   0x000006a8      0x388 ..\obj\stm32f10x_rcc.o
 .debug_frame   0x00000a30      0x344 ..\obj\stm32f10x_usart.o
 .debug_frame   0x00000d74      0x108 ..\obj\syscalls.o
 .debug_frame   0x00000e7c      0x3b4 ..\obj\stm32f10x_i2c.o
 .debug_frame   0x00001230       0x64 c:/program files/gnu tools arm embedded/4.7 2013q2/bin/../lib/gcc/arm-none-eabi/4.7.4/../../../../arm-none-eabi/lib/armv7-m\libg.a(lib_a-sprintf.o)
 .debug_frame   0x00001294       0x3c c:/program files/gnu tools arm embedded/4.7 2013q2/bin/../lib/gcc/arm-none-eabi/4.7.4/../../../../arm-none-eabi/lib/armv7-m\libg.a(lib_a-svfprintf.o)
 .debug_frame   0x000012d0       0x64 c:/program files/gnu tools arm embedded/4.7 2013q2/bin/../lib/gcc/arm-none-eabi/4.7.4/../../../../arm-none-eabi/lib/armv7-m\libg.a(lib_a-dtoa.o)
 .debug_frame   0x00001334       0xa0 c:/program files/gnu tools arm embedded/4.7 2013q2/bin/../lib/gcc/arm-none-eabi/4.7.4/../../../../arm-none-eabi/lib/armv7-m\libg.a(lib_a-locale.o)
 .debug_frame   0x000013d4       0x38 c:/program files/gnu tools arm embedded/4.7 2013q2/bin/../lib/gcc/arm-none-eabi/4.7.4/../../../../arm-none-eabi/lib/armv7-m\libg.a(lib_a-mallocr.o)
 .debug_frame   0x0000140c       0x2c c:/program files/gnu tools arm embedded/4.7 2013q2/bin/../lib/gcc/arm-none-eabi/4.7.4/../../../../arm-none-eabi/lib/armv7-m\libg.a(lib_a-memchr.o)
 .debug_frame   0x00001438       0x30 c:/program files/gnu tools arm embedded/4.7 2013q2/bin/../lib/gcc/arm-none-eabi/4.7.4/../../../../arm-none-eabi/lib/armv7-m\libg.a(lib_a-memcpy.o)
 .debug_frame   0x00001468       0x30 c:/program files/gnu tools arm embedded/4.7 2013q2/bin/../lib/gcc/arm-none-eabi/4.7.4/../../../../arm-none-eabi/lib/armv7-m\libg.a(lib_a-mlock.o)
 .debug_frame   0x00001498      0x238 c:/program files/gnu tools arm embedded/4.7 2013q2/bin/../lib/gcc/arm-none-eabi/4.7.4/../../../../arm-none-eabi/lib/armv7-m\libg.a(lib_a-mprec.o)
 .debug_frame   0x000016d0       0x20 c:/program files/gnu tools arm embedded/4.7 2013q2/bin/../lib/gcc/arm-none-eabi/4.7.4/../../../../arm-none-eabi/lib/armv7-m\libg.a(lib_a-s_fpclassify.o)
 .debug_frame   0x000016f0       0x2c c:/program files/gnu tools arm embedded/4.7 2013q2/bin/../lib/gcc/arm-none-eabi/4.7.4/../../../../arm-none-eabi/lib/armv7-m\libg.a(lib_a-sbrkr.o)
 .debug_frame   0x0000171c       0x20 c:/program files/gnu tools arm embedded/4.7 2013q2/bin/../lib/gcc/arm-none-eabi/4.7.4/../../../../arm-none-eabi/lib/armv7-m\libg.a(lib_a-strlen.o)
 .debug_frame   0x0000173c       0x64 c:/program files/gnu tools arm embedded/4.7 2013q2/bin/../lib/gcc/arm-none-eabi/4.7.4/../../../../arm-none-eabi/lib/armv7-m\libg.a(lib_a-svfiprintf.o)
 .debug_frame   0x000017a0       0x28 c:/program files/gnu tools arm embedded/4.7 2013q2/bin/../lib/gcc/arm-none-eabi/4.7.4/../../../../arm-none-eabi/lib/armv7-m\libg.a(lib_a-callocr.o)
 .debug_frame   0x000017c8       0x50 c:/program files/gnu tools arm embedded/4.7 2013q2/bin/../lib/gcc/arm-none-eabi/4.7.4/../../../../arm-none-eabi/lib/armv7-m\libg.a(lib_a-freer.o)
 .debug_frame   0x00001818       0x30 c:/program files/gnu tools arm embedded/4.7 2013q2/bin/../lib/gcc/arm-none-eabi/4.7.4/../../../../arm-none-eabi/lib/armv7-m\libg.a(lib_a-memmove.o)
 .debug_frame   0x00001848       0x2c c:/program files/gnu tools arm embedded/4.7 2013q2/bin/../lib/gcc/arm-none-eabi/4.7.4/../../../../arm-none-eabi/lib/armv7-m\libg.a(lib_a-memset.o)
 .debug_frame   0x00001874       0x38 c:/program files/gnu tools arm embedded/4.7 2013q2/bin/../lib/gcc/arm-none-eabi/4.7.4/../../../../arm-none-eabi/lib/armv7-m\libg.a(lib_a-reallocr.o)
 .debug_frame   0x000018ac       0x6c c:/program files/gnu tools arm embedded/4.7 2013q2/bin/../lib/gcc/arm-none-eabi/4.7.4/../../../../arm-none-eabi/lib/armv7-m\libg.a(lib_a-reent.o)
 .debug_frame   0x00001918       0x50 c:/program files/gnu tools arm embedded/4.7 2013q2/bin/../lib/gcc/arm-none-eabi/4.7.4/armv7-m\libgcc.a(bpabi.o)
 .debug_frame   0x00001968       0x34 c:/program files/gnu tools arm embedded/4.7 2013q2/bin/../lib/gcc/arm-none-eabi/4.7.4/armv7-m\libgcc.a(_divdi3.o)
 .debug_frame   0x0000199c       0x34 c:/program files/gnu tools arm embedded/4.7 2013q2/bin/../lib/gcc/arm-none-eabi/4.7.4/armv7-m\libgcc.a(_udivdi3.o)
